Archive member included to satisfy reference by file (symbol)

C:/PROGRA~2/ARMGNU~1/142BCE~1.3RE/bin/../lib/gcc/arm-none-eabi/14.3.1/../../../../arm-none-eabi/lib/thumb/v7e-m+fp/hard\libc_nano.a(libc_a-exit.o)
                              C:/PROGRA~2/ARMGNU~1/142BCE~1.3RE/bin/../lib/gcc/arm-none-eabi/14.3.1/../../../../arm-none-eabi/lib/thumb/v7e-m+fp/hard/crt0.o (exit)
C:/PROGRA~2/ARMGNU~1/142BCE~1.3RE/bin/../lib/gcc/arm-none-eabi/14.3.1/../../../../arm-none-eabi/lib/thumb/v7e-m+fp/hard\libc_nano.a(libc_a-findfp.o)
                              C:/PROGRA~2/ARMGNU~1/142BCE~1.3RE/bin/../lib/gcc/arm-none-eabi/14.3.1/../../../../arm-none-eabi/lib/thumb/v7e-m+fp/hard\libc_nano.a(libc_a-exit.o) (__stdio_exit_handler)
C:/PROGRA~2/ARMGNU~1/142BCE~1.3RE/bin/../lib/gcc/arm-none-eabi/14.3.1/../../../../arm-none-eabi/lib/thumb/v7e-m+fp/hard\libc_nano.a(libc_a-fwalk.o)
                              C:/PROGRA~2/ARMGNU~1/142BCE~1.3RE/bin/../lib/gcc/arm-none-eabi/14.3.1/../../../../arm-none-eabi/lib/thumb/v7e-m+fp/hard\libc_nano.a(libc_a-findfp.o) (_fwalk_sglue)
C:/PROGRA~2/ARMGNU~1/142BCE~1.3RE/bin/../lib/gcc/arm-none-eabi/14.3.1/../../../../arm-none-eabi/lib/thumb/v7e-m+fp/hard\libc_nano.a(libc_a-stdio.o)
                              C:/PROGRA~2/ARMGNU~1/142BCE~1.3RE/bin/../lib/gcc/arm-none-eabi/14.3.1/../../../../arm-none-eabi/lib/thumb/v7e-m+fp/hard\libc_nano.a(libc_a-findfp.o) (__sread)
C:/PROGRA~2/ARMGNU~1/142BCE~1.3RE/bin/../lib/gcc/arm-none-eabi/14.3.1/../../../../arm-none-eabi/lib/thumb/v7e-m+fp/hard\libc_nano.a(libc_a-memset.o)
                              C:/PROGRA~2/ARMGNU~1/142BCE~1.3RE/bin/../lib/gcc/arm-none-eabi/14.3.1/../../../../arm-none-eabi/lib/thumb/v7e-m+fp/hard/crt0.o (memset)
C:/PROGRA~2/ARMGNU~1/142BCE~1.3RE/bin/../lib/gcc/arm-none-eabi/14.3.1/../../../../arm-none-eabi/lib/thumb/v7e-m+fp/hard\libc_nano.a(libc_a-closer.o)
                              C:/PROGRA~2/ARMGNU~1/142BCE~1.3RE/bin/../lib/gcc/arm-none-eabi/14.3.1/../../../../arm-none-eabi/lib/thumb/v7e-m+fp/hard\libc_nano.a(libc_a-stdio.o) (_close_r)
C:/PROGRA~2/ARMGNU~1/142BCE~1.3RE/bin/../lib/gcc/arm-none-eabi/14.3.1/../../../../arm-none-eabi/lib/thumb/v7e-m+fp/hard\libc_nano.a(libc_a-reent.o)
                              C:/PROGRA~2/ARMGNU~1/142BCE~1.3RE/bin/../lib/gcc/arm-none-eabi/14.3.1/../../../../arm-none-eabi/lib/thumb/v7e-m+fp/hard\libc_nano.a(libc_a-closer.o) (errno)
C:/PROGRA~2/ARMGNU~1/142BCE~1.3RE/bin/../lib/gcc/arm-none-eabi/14.3.1/../../../../arm-none-eabi/lib/thumb/v7e-m+fp/hard\libc_nano.a(libc_a-impure.o)
                              C:/PROGRA~2/ARMGNU~1/142BCE~1.3RE/bin/../lib/gcc/arm-none-eabi/14.3.1/../../../../arm-none-eabi/lib/thumb/v7e-m+fp/hard\libc_nano.a(libc_a-reent.o) (_impure_ptr)
C:/PROGRA~2/ARMGNU~1/142BCE~1.3RE/bin/../lib/gcc/arm-none-eabi/14.3.1/../../../../arm-none-eabi/lib/thumb/v7e-m+fp/hard\libc_nano.a(libc_a-lseekr.o)
                              C:/PROGRA~2/ARMGNU~1/142BCE~1.3RE/bin/../lib/gcc/arm-none-eabi/14.3.1/../../../../arm-none-eabi/lib/thumb/v7e-m+fp/hard\libc_nano.a(libc_a-stdio.o) (_lseek_r)
C:/PROGRA~2/ARMGNU~1/142BCE~1.3RE/bin/../lib/gcc/arm-none-eabi/14.3.1/../../../../arm-none-eabi/lib/thumb/v7e-m+fp/hard\libc_nano.a(libc_a-readr.o)
                              C:/PROGRA~2/ARMGNU~1/142BCE~1.3RE/bin/../lib/gcc/arm-none-eabi/14.3.1/../../../../arm-none-eabi/lib/thumb/v7e-m+fp/hard\libc_nano.a(libc_a-stdio.o) (_read_r)
C:/PROGRA~2/ARMGNU~1/142BCE~1.3RE/bin/../lib/gcc/arm-none-eabi/14.3.1/../../../../arm-none-eabi/lib/thumb/v7e-m+fp/hard\libc_nano.a(libc_a-writer.o)
                              C:/PROGRA~2/ARMGNU~1/142BCE~1.3RE/bin/../lib/gcc/arm-none-eabi/14.3.1/../../../../arm-none-eabi/lib/thumb/v7e-m+fp/hard\libc_nano.a(libc_a-stdio.o) (_write_r)
C:/PROGRA~2/ARMGNU~1/142BCE~1.3RE/bin/../lib/gcc/arm-none-eabi/14.3.1/../../../../arm-none-eabi/lib/thumb/v7e-m+fp/hard\libc_nano.a(libc_a-init.o)
                              C:/PROGRA~2/ARMGNU~1/142BCE~1.3RE/bin/../lib/gcc/arm-none-eabi/14.3.1/../../../../arm-none-eabi/lib/thumb/v7e-m+fp/hard/crt0.o (__libc_init_array)
C:/PROGRA~2/ARMGNU~1/142BCE~1.3RE/bin/../lib/gcc/arm-none-eabi/14.3.1/../../../../arm-none-eabi/lib/thumb/v7e-m+fp/hard\libc_nano.a(libc_a-lock.o)
                              C:/PROGRA~2/ARMGNU~1/142BCE~1.3RE/bin/../lib/gcc/arm-none-eabi/14.3.1/../../../../arm-none-eabi/lib/thumb/v7e-m+fp/hard\libc_nano.a(libc_a-findfp.o) (__retarget_lock_init_recursive)
C:/PROGRA~2/ARMGNU~1/142BCE~1.3RE/bin/../lib/gcc/arm-none-eabi/14.3.1/../../../../arm-none-eabi/lib/thumb/v7e-m+fp/hard\libc_nano.a(libc_a-freer.o)
                              C:/PROGRA~2/ARMGNU~1/142BCE~1.3RE/bin/../lib/gcc/arm-none-eabi/14.3.1/../../../../arm-none-eabi/lib/thumb/v7e-m+fp/hard\libc_nano.a(libc_a-reent.o) (_free_r)
C:/PROGRA~2/ARMGNU~1/142BCE~1.3RE/bin/../lib/gcc/arm-none-eabi/14.3.1/../../../../arm-none-eabi/lib/thumb/v7e-m+fp/hard\libc_nano.a(libc_a-mallocr.o)
[...]
Memory Configuration

Name             Origin             Length             Attributes
RAM              0x20000000         0x00020000         xrw
FLASH            0x08000000         0x00080000         xr
*default*        0x00000000         0xffffffff

Linker script and memory map

LOAD C:/PROGRA~2/ARMGNU~1/142BCE~1.3RE/bin/../lib/gcc/arm-none-eabi/14.3.1/thumb/v7e-m+fp/hard/crti.o
LOAD C:/PROGRA~2/ARMGNU~1/142BCE~1.3RE/bin/../lib/gcc/arm-none-eabi/14.3.1/thumb/v7e-m+fp/hard/crtbegin.o
LOAD C:/PROGRA~2/ARMGNU~1/142BCE~1.3RE/bin/../lib/gcc/arm-none-eabi/14.3.1/../../../../arm-none-eabi/lib/thumb/v7e-m+fp/hard/crt0.o
START GROUP
LOAD C:/PROGRA~2/ARMGNU~1/142BCE~1.3RE/bin/../lib/gcc/arm-none-eabi/14.3.1/../../../../arm-none-eabi/lib/thumb/v7e-m+fp/hard\libc_nano.a
LOAD C:/PROGRA~2/ARMGNU~1/142BCE~1.3RE/bin/../lib/gcc/arm-none-eabi/14.3.1/../../../../arm-none-eabi/lib/thumb/v7e-m+fp/hard\libm.a
END GROUP
LOAD cmake/stm32cubemx/CMakeFiles/STM32_Drivers.dir/__/__/Core/Src/system_stm32g4xx.c.obj
LOAD cmake/stm32cubemx/CMakeFiles/STM32_Drivers.dir/__/__/Drivers/STM32G4xx_HAL_Driver/Src/stm32g4xx_ll_utils.c.obj
LOAD cmake/stm32cubemx/CMakeFiles/STM32_Drivers.dir/__/__/Drivers/STM32G4xx_HAL_Driver/Src/stm32g4xx_ll_exti.c.obj
LOAD cmake/stm32cubemx/CMakeFiles/STM32_Drivers.dir/__/__/Drivers/STM32G4xx_HAL_Driver/Src/stm32g4xx_ll_gpio.c.obj
LOAD cmake/stm32cubemx/CMakeFiles/STM32_Drivers.dir/__/__/Drivers/STM32G4xx_HAL_Driver/Src/stm32g4xx_ll_adc.c.obj
LOAD cmake/stm32cubemx/CMakeFiles/STM32_Drivers.dir/__/__/Drivers/STM32G4xx_HAL_Driver/Src/stm32g4xx_ll_dma.c.obj
LOAD cmake/stm32cubemx/CMakeFiles/STM32_Drivers.dir/__/__/Drivers/STM32G4xx_HAL_Driver/Src/stm32g4xx_ll_pwr.c.obj
LOAD cmake/stm32cubemx/CMakeFiles/STM32_Drivers.dir/__/__/Drivers/STM32G4xx_HAL_Driver/Src/stm32g4xx_hal.c.obj
LOAD cmake/stm32cubemx/CMakeFiles/STM32_Drivers.dir/__/__/Drivers/STM32G4xx_HAL_Driver/Src/stm32g4xx_hal_rcc.c.obj
LOAD cmake/stm32cubemx/CMakeFiles/STM32_Drivers.dir/__/__/Drivers/STM32G4xx_HAL_Driver/Src/stm32g4xx_hal_rcc_ex.c.obj
LOAD cmake/stm32cubemx/CMakeFiles/STM32_Drivers.dir/__/__/Drivers/STM32G4xx_HAL_Driver/Src/stm32g4xx_hal_flash.c.obj
LOAD cmake/stm32cubemx/CMakeFiles/STM32_Drivers.dir/__/__/Drivers/STM32G4xx_HAL_Driver/Src/stm32g4xx_hal_flash_ex.c.obj
LOAD cmake/stm32cubemx/CMakeFiles/STM32_Drivers.dir/__/__/Drivers/STM32G4xx_HAL_Driver/Src/stm32g4xx_hal_flash_ramfunc.c.obj
LOAD cmake/stm32cubemx/CMakeFiles/STM32_Drivers.dir/__/__/Drivers/STM32G4xx_HAL_Driver/Src/stm32g4xx_hal_gpio.c.obj
LOAD cmake/stm32cubemx/CMakeFiles/STM32_Drivers.dir/__/__/Drivers/STM32G4xx_HAL_Driver/Src/stm32g4xx_hal_exti.c.obj
LOAD cmake/stm32cubemx/CMakeFiles/STM32_Drivers.dir/__/__/Drivers/STM32G4xx_HAL_Driver/Src/stm32g4xx_hal_dma.c.obj
LOAD cmake/stm32cubemx/CMakeFiles/STM32_Drivers.dir/__/__/Drivers/STM32G4xx_HAL_Driver/Src/stm32g4xx_hal_dma_ex.c.obj
LOAD cmake/stm32cubemx/CMakeFiles/STM32_Drivers.dir/__/__/Drivers/STM32G4xx_HAL_Driver/Src/stm32g4xx_hal_pwr.c.obj
LOAD cmake/stm32cubemx/CMakeFiles/STM32_Drivers.dir/__/__/Drivers/STM32G4xx_HAL_Driver/Src/stm32g4xx_hal_pwr_ex.c.obj
LOAD cmake/stm32cubemx/CMakeFiles/STM32_Drivers.dir/__/__/Drivers/STM32G4xx_HAL_Driver/Src/stm32g4xx_hal_cortex.c.obj
LOAD cmake/stm32cubemx/CMakeFiles/STM32_Drivers.dir/__/__/Drivers/STM32G4xx_HAL_Driver/Src/stm32g4xx_hal_fdcan.c.obj
LOAD cmake/stm32cubemx/CMakeFiles/STM32_Drivers.dir/__/__/Drivers/STM32G4xx_HAL_Driver/Src/stm32g4xx_ll_hrtim.c.obj
LOAD cmake/stm32cubemx/CMakeFiles/STM32_Drivers.dir/__/__/Drivers/STM32G4xx_HAL_Driver/Src/stm32g4xx_ll_spi.c.obj
LOAD cmake/stm32cubemx/CMakeFiles/STM32_Drivers.dir/__/__/Drivers/STM32G4xx_HAL_Driver/Src/stm32g4xx_hal_tim.c.obj
LOAD cmake/stm32cubemx/CMakeFiles/STM32_Drivers.dir/__/__/Drivers/STM32G4xx_HAL_Driver/Src/stm32g4xx_hal_tim_ex.c.obj
LOAD CMakeFiles/MiniFOCer.dir/Core/Src/main.c.obj
LOAD CMakeFiles/MiniFOCer.dir/Core/Src/gpio.c.obj
LOAD CMakeFiles/MiniFOCer.dir/Core/Src/adc.c.obj
LOAD CMakeFiles/MiniFOCer.dir/Core/Src/dma.c.obj
LOAD CMakeFiles/MiniFOCer.dir/Core/Src/fdcan.c.obj
LOAD CMakeFiles/MiniFOCer.dir/Core/Src/hrtim.c.obj
LOAD CMakeFiles/MiniFOCer.dir/Core/Src/spi.c.obj
LOAD CMakeFiles/MiniFOCer.dir/Core/Src/tim.c.obj
LOAD CMakeFiles/MiniFOCer.dir/Core/Src/stm32g4xx_it.c.obj
LOAD CMakeFiles/MiniFOCer.dir/Core/Src/stm32g4xx_hal_msp.c.obj
LOAD CMakeFiles/MiniFOCer.dir/Core/Src/sysmem.c.obj
LOAD CMakeFiles/MiniFOCer.dir/Core/Src/syscalls.c.obj
LOAD CMakeFiles/MiniFOCer.dir/startup_stm32g474xx.s.obj
LOAD CMakeFiles/MiniFOCer.dir/Core/Src/FastMath.c.obj
LOAD CMakeFiles/MiniFOCer.dir/Core/Src/FOC.c.obj
START GROUP
LOAD C:/PROGRA~2/ARMGNU~1/142BCE~1.3RE/bin/../lib/gcc/arm-none-eabi/14.3.1/thumb/v7e-m+fp/hard\libgcc.a
LOAD C:/PROGRA~2/ARMGNU~1/142BCE~1.3RE/bin/../lib/gcc/arm-none-eabi/14.3.1/../../../../arm-none-eabi/lib/thumb/v7e-m+fp/hard\libg_nano.a
LOAD C:/PROGRA~2/ARMGNU~1/142BCE~1.3RE/bin/../lib/gcc/arm-none-eabi/14.3.1/../../../../arm-none-eabi/lib/thumb/v7e-m+fp/hard\libc_nano.a
END GROUP
START GROUP
LOAD C:/PROGRA~2/ARMGNU~1/142BCE~1.3RE/bin/../lib/gcc/arm-none-eabi/14.3.1/thumb/v7e-m+fp/hard\libgcc.a
LOAD C:/PROGRA~2/ARMGNU~1/142BCE~1.3RE/bin/../lib/gcc/arm-none-eabi/14.3.1/../../../../arm-none-eabi/lib/thumb/v7e-m+fp/hard\libc_nano.a
END GROUP
LOAD C:/PROGRA~2/ARMGNU~1/142BCE~1.3RE/bin/../lib/gcc/arm-none-eabi/14.3.1/thumb/v7e-m+fp/hard/crtend.o
LOAD C:/PROGRA~2/ARMGNU~1/142BCE~1.3RE/bin/../lib/gcc/arm-none-eabi/14.3.1/thumb/v7e-m+fp/hard/crtn.o
                0x20020000                        _estack = (ORIGIN (RAM) + LENGTH (RAM))
                0x00000200                        _Min_Heap_Size = 0x200
                0x00000400                        _Min_Stack_Size = 0x400

.isr_vector     0x08000000      0x1d8
                0x08000000                        . = ALIGN (0x4)
 *(.isr_vector)
 .isr_vector    0x08000000      0x1d8 CMakeFiles/MiniFOCer.dir/startup_stm32g474xx.s.obj
                0x08000000                g_pfnVectors
                0x080001d8                        . = ALIGN (0x4)

.text           0x080001d8     0x2608
                0x080001d8                        . = ALIGN (0x4)
 *(.text)
 *(.text*)
 .text.deregister_tm_clones
                0x080001d8       0x1c C:/PROGRA~2/ARMGNU~1/142BCE~1.3RE/bin/../lib/gcc/arm-none-eabi/14.3.1/thumb/v7e-m+fp/hard/crtbegin.o
 .text.register_tm_clones
                0x080001f4       0x24 C:/PROGRA~2/ARMGNU~1/142BCE~1.3RE/bin/../lib/gcc/arm-none-eabi/14.3.1/thumb/v7e-m+fp/hard/crtbegin.o
 .text.__do_global_dtors_aux
                0x08000218       0x28 C:/PROGRA~2/ARMGNU~1/142BCE~1.3RE/bin/../lib/gcc/arm-none-eabi/14.3.1/thumb/v7e-m+fp/hard/crtbegin.o
 .text.frame_dummy
                0x08000240       0x24 C:/PROGRA~2/ARMGNU~1/142BCE~1.3RE/bin/../lib/gcc/arm-none-eabi/14.3.1/thumb/v7e-m+fp/hard/crtbegin.o
 .text.memset   0x08000264       0x10 C:/PROGRA~2/ARMGNU~1/142BCE~1.3RE/bin/../lib/gcc/arm-none-eabi/14.3.1/../../../../arm-none-eabi/lib/thumb/v7e-m+fp/hard\libc_nano.a(libc_a-memset.o)
                0x08000264                memset
 .text.__libc_init_array
                0x08000274       0x48 C:/PROGRA~2/ARMGNU~1/142BCE~1.3RE/bin/../lib/gcc/arm-none-eabi/14.3.1/../../../../arm-none-eabi/lib/thumb/v7e-m+fp/hard\libc_nano.a(libc_a-init.o)
                0x08000274                __libc_init_array
 .text.SystemInit
                0x080002bc       0x14 cmake/stm32cubemx/CMakeFiles/STM32_Drivers.dir/__/__/Core/Src/system_stm32g4xx.c.obj
                0x080002bc                SystemInit
 .text.LL_SetSystemCoreClock
                0x080002d0        0xc cmake/stm32cubemx/CMakeFiles/STM32_Drivers.dir/__/__/Drivers/STM32G4xx_HAL_Driver/Src/stm32g4xx_ll_utils.c.obj
                0x080002d0                LL_SetSystemCoreClock
 .text.LL_GPIO_Init
                0x080002dc      0x138 cmake/stm32cubemx/CMakeFiles/STM32_Drivers.dir/__/__/Drivers/STM32G4xx_HAL_Driver/Src/stm32g4xx_ll_gpio.c.obj
                0x080002dc                LL_GPIO_Init
 .text.LL_ADC_IsEnabled
                0x08000414        0x8 cmake/stm32cubemx/CMakeFiles/STM32_Drivers.dir/__/__/Drivers/STM32G4xx_HAL_Driver/Src/stm32g4xx_ll_adc.c.obj
 .text.LL_ADC_CommonInit
                0x0800041c       0x78 cmake/stm32cubemx/CMakeFiles/STM32_Drivers.dir/__/__/Drivers/STM32G4xx_HAL_Driver/Src/stm32g4xx_ll_adc.c.obj
                0x0800041c                LL_ADC_CommonInit
 .text.LL_ADC_Init
                0x08000494       0x28 cmake/stm32cubemx/CMakeFiles/STM32_Drivers.dir/__/__/Drivers/STM32G4xx_HAL_Driver/Src/stm32g4xx_ll_adc.c.obj
                0x08000494                LL_ADC_Init
 .text.LL_ADC_REG_Init
                0x080004bc       0x4c cmake/stm32cubemx/CMakeFiles/STM32_Drivers.dir/__/__/Drivers/STM32G4xx_HAL_Driver/Src/stm32g4xx_ll_adc.c.obj
                0x080004bc                LL_ADC_REG_Init
 .text.HAL_InitTick
                0x08000508       0x4c cmake/stm32cubemx/CMakeFiles/STM32_Drivers.dir/__/__/Drivers/STM32G4xx_HAL_Driver/Src/stm32g4xx_hal.c.obj
                0x08000508                HAL_InitTick
 .text.HAL_Init
                0x08000554       0x1e cmake/stm32cubemx/CMakeFiles/STM32_Drivers.dir/__/__/Drivers/STM32G4xx_HAL_Driver/Src/stm32g4xx_hal.c.obj
                0x08000554                HAL_Init
 *fill*         0x08000572        0x2 
 .text.HAL_IncTick
                0x08000574       0x18 cmake/stm32cubemx/CMakeFiles/STM32_Drivers.dir/__/__/Drivers/STM32G4xx_HAL_Driver/Src/stm32g4xx_hal.c.obj
                0x08000574                HAL_IncTick
 .text.HAL_GetTick
                0x0800058c        0xc cmake/stm32cubemx/CMakeFiles/STM32_Drivers.dir/__/__/Drivers/STM32G4xx_HAL_Driver/Src/stm32g4xx_hal.c.obj
                0x0800058c                HAL_GetTick
 .text.HAL_SYSCFG_VREFBUF_VoltageScalingConfig
                0x08000598       0x14 cmake/stm32cubemx/CMakeFiles/STM32_Drivers.dir/__/__/Drivers/STM32G4xx_HAL_Driver/Src/stm32g4xx_hal.c.obj
                0x08000598                HAL_SYSCFG_VREFBUF_VoltageScalingConfig
 .text.HAL_SYSCFG_VREFBUF_HighImpedanceConfig
                0x080005ac       0x14 cmake/stm32cubemx/CMakeFiles/STM32_Drivers.dir/__/__/Drivers/STM32G4xx_HAL_Driver/Src/stm32g4xx_hal.c.obj
                0x080005ac                HAL_SYSCFG_VREFBUF_HighImpedanceConfig
 .text.HAL_SYSCFG_EnableVREFBUF
                0x080005c0       0x30 cmake/stm32cubemx/CMakeFiles/STM32_Drivers.dir/__/__/Drivers/STM32G4xx_HAL_Driver/Src/stm32g4xx_hal.c.obj
                0x080005c0                HAL_SYSCFG_EnableVREFBUF
 .text.HAL_GPIO_Init
                0x080005f0      0x194 cmake/stm32cubemx/CMakeFiles/STM32_Drivers.dir/__/__/Drivers/STM32G4xx_HAL_Driver/Src/stm32g4xx_hal_gpio.c.obj
                0x080005f0                HAL_GPIO_Init
 .text.HAL_PWREx_DisableUCPDDeadBattery
                0x08000784       0x10 cmake/stm32cubemx/CMakeFiles/STM32_Drivers.dir/__/__/Drivers/STM32G4xx_HAL_Driver/Src/stm32g4xx_hal_pwr_ex.c.obj
                0x08000784                HAL_PWREx_DisableUCPDDeadBattery
 .text.HAL_NVIC_SetPriorityGrouping
                0x08000794       0x24 cmake/stm32cubemx/CMakeFiles/STM32_Drivers.dir/__/__/Drivers/STM32G4xx_HAL_Driver/Src/stm32g4xx_hal_cortex.c.obj
                0x08000794                HAL_NVIC_SetPriorityGrouping
 .text.HAL_NVIC_SetPriority
                0x080007b8       0x64 cmake/stm32cubemx/CMakeFiles/STM32_Drivers.dir/__/__/Drivers/STM32G4xx_HAL_Driver/Src/stm32g4xx_hal_cortex.c.obj
                0x080007b8                HAL_NVIC_SetPriority
 .text.HAL_NVIC_EnableIRQ
                0x0800081c       0x1c cmake/stm32cubemx/CMakeFiles/STM32_Drivers.dir/__/__/Drivers/STM32G4xx_HAL_Driver/Src/stm32g4xx_hal_cortex.c.obj
                0x0800081c                HAL_NVIC_EnableIRQ
 .text.HAL_SYSTICK_Config
                0x08000838       0x28 cmake/stm32cubemx/CMakeFiles/STM32_Drivers.dir/__/__/Drivers/STM32G4xx_HAL_Driver/Src/stm32g4xx_hal_cortex.c.obj
                0x08000838                HAL_SYSTICK_Config
 .text.HAL_FDCAN_Init
                0x08000860      0x1f8 cmake/stm32cubemx/CMakeFiles/STM32_Drivers.dir/__/__/Drivers/STM32G4xx_HAL_Driver/Src/stm32g4xx_hal_fdcan.c.obj
                0x08000860                HAL_FDCAN_Init
 .text.HAL_FDCAN_TxEventFifoCallback
                0x08000a58        0x2 cmake/stm32cubemx/CMakeFiles/STM32_Drivers.dir/__/__/Drivers/STM32G4xx_HAL_Driver/Src/stm32g4xx_hal_fdcan.c.obj
                0x08000a58                HAL_FDCAN_TxEventFifoCallback
 .text.HAL_FDCAN_RxFifo0Callback
                0x08000a5a        0x2 cmake/stm32cubemx/CMakeFiles/STM32_Drivers.dir/__/__/Drivers/STM32G4xx_HAL_Driver/Src/stm32g4xx_hal_fdcan.c.obj
                0x08000a5a                HAL_FDCAN_RxFifo0Callback
 .text.HAL_FDCAN_RxFifo1Callback
                0x08000a5c        0x2 cmake/stm32cubemx/CMakeFiles/STM32_Drivers.dir/__/__/Drivers/STM32G4xx_HAL_Driver/Src/stm32g4xx_hal_fdcan.c.obj
                0x08000a5c                HAL_FDCAN_RxFifo1Callback
 .text.HAL_FDCAN_TxFifoEmptyCallback
                0x08000a5e        0x2 cmake/stm32cubemx/CMakeFiles/STM32_Drivers.dir/__/__/Drivers/STM32G4xx_HAL_Driver/Src/stm32g4xx_hal_fdcan.c.obj
                0x08000a5e                HAL_FDCAN_TxFifoEmptyCallback
 .text.HAL_FDCAN_TxBufferCompleteCallback
                0x08000a60        0x2 cmake/stm32cubemx/CMakeFiles/STM32_Drivers.dir/__/__/Drivers/STM32G4xx_HAL_Driver/Src/stm32g4xx_hal_fdcan.c.obj
                0x08000a60                HAL_FDCAN_TxBufferCompleteCallback
 .text.HAL_FDCAN_TxBufferAbortCallback
                0x08000a62        0x2 cmake/stm32cubemx/CMakeFiles/STM32_Drivers.dir/__/__/Drivers/STM32G4xx_HAL_Driver/Src/stm32g4xx_hal_fdcan.c.obj
                0x08000a62                HAL_FDCAN_TxBufferAbortCallback
 .text.HAL_FDCAN_TimestampWraparoundCallback
                0x08000a64        0x2 cmake/stm32cubemx/CMakeFiles/STM32_Drivers.dir/__/__/Drivers/STM32G4xx_HAL_Driver/Src/stm32g4xx_hal_fdcan.c.obj
                0x08000a64                HAL_FDCAN_TimestampWraparoundCallback
 .text.HAL_FDCAN_TimeoutOccurredCallback
                0x08000a66        0x2 cmake/stm32cubemx/CMakeFiles/STM32_Drivers.dir/__/__/Drivers/STM32G4xx_HAL_Driver/Src/stm32g4xx_hal_fdcan.c.obj
                0x08000a66                HAL_FDCAN_TimeoutOccurredCallback
 .text.HAL_FDCAN_HighPriorityMessageCallback
                0x08000a68        0x2 cmake/stm32cubemx/CMakeFiles/STM32_Drivers.dir/__/__/Drivers/STM32G4xx_HAL_Driver/Src/stm32g4xx_hal_fdcan.c.obj
                0x08000a68                HAL_FDCAN_HighPriorityMessageCallback
 .text.HAL_FDCAN_ErrorCallback
                0x08000a6a        0x2 cmake/stm32cubemx/CMakeFiles/STM32_Drivers.dir/__/__/Drivers/STM32G4xx_HAL_Driver/Src/stm32g4xx_hal_fdcan.c.obj
                0x08000a6a                HAL_FDCAN_ErrorCallback
 .text.HAL_FDCAN_ErrorStatusCallback
                0x08000a6c        0x2 cmake/stm32cubemx/CMakeFiles/STM32_Drivers.dir/__/__/Drivers/STM32G4xx_HAL_Driver/Src/stm32g4xx_hal_fdcan.c.obj
                0x08000a6c                HAL_FDCAN_ErrorStatusCallback
 .text.HAL_FDCAN_IRQHandler
                0x08000a6e      0x160 cmake/stm32cubemx/CMakeFiles/STM32_Drivers.dir/__/__/Drivers/STM32G4xx_HAL_Driver/Src/stm32g4xx_hal_fdcan.c.obj
                0x08000a6e                HAL_FDCAN_IRQHandler
 .text.LL_SPI_Init
                0x08000bce       0x74 cmake/stm32cubemx/CMakeFiles/STM32_Drivers.dir/__/__/Drivers/STM32G4xx_HAL_Driver/Src/stm32g4xx_ll_spi.c.obj
                0x08000bce                LL_SPI_Init
 *fill*         0x08000c42        0x2 
 .text.TIM_Base_SetConfig
                0x08000c44       0xc0 cmake/stm32cubemx/CMakeFiles/STM32_Drivers.dir/__/__/Drivers/STM32G4xx_HAL_Driver/Src/stm32g4xx_hal_tim.c.obj
                0x08000c44                TIM_Base_SetConfig
 .text.HAL_TIM_Base_Init
                0x08000d04       0x60 cmake/stm32cubemx/CMakeFiles/STM32_Drivers.dir/__/__/Drivers/STM32G4xx_HAL_Driver/Src/stm32g4xx_hal_tim.c.obj
                0x08000d04                HAL_TIM_Base_Init
 .text.TIM_ETR_SetConfig
                0x08000d64       0x14 cmake/stm32cubemx/CMakeFiles/STM32_Drivers.dir/__/__/Drivers/STM32G4xx_HAL_Driver/Src/stm32g4xx_hal_tim.c.obj
                0x08000d64                TIM_ETR_SetConfig
 .text.HAL_TIM_ConfigClockSource
                0x08000d78      0x194 cmake/stm32cubemx/CMakeFiles/STM32_Drivers.dir/__/__/Drivers/STM32G4xx_HAL_Driver/Src/stm32g4xx_hal_tim.c.obj
                0x08000d78                HAL_TIM_ConfigClockSource
 .text.HAL_TIMEx_MasterConfigSynchronization
                0x08000f0c       0xa0 cmake/stm32cubemx/CMakeFiles/STM32_Drivers.dir/__/__/Drivers/STM32G4xx_HAL_Driver/Src/stm32g4xx_hal_tim_ex.c.obj
                0x08000f0c                HAL_TIMEx_MasterConfigSynchronization
 .text.SystemClock_Config
                0x08000fac       0xdc CMakeFiles/MiniFOCer.dir/Core/Src/main.c.obj
                0x08000fac                SystemClock_Config
 .text.disableGateDriver
                0x08001088       0x18 CMakeFiles/MiniFOCer.dir/Core/Src/main.c.obj
                0x08001088                disableGateDriver
 .text.startup.main
                0x080010a0       0x3c CMakeFiles/MiniFOCer.dir/Core/Src/main.c.obj
                0x080010a0                main
 .text.Error_Handler
                0x080010dc        0x4 CMakeFiles/MiniFOCer.dir/Core/Src/main.c.obj
                0x080010dc                Error_Handler
 .text.LL_AHB2_GRP1_EnableClock
                0x080010e0       0x1c CMakeFiles/MiniFOCer.dir/Core/Src/gpio.c.obj
 .text.MX_GPIO_Init
                0x080010fc       0xd4 CMakeFiles/MiniFOCer.dir/Core/Src/gpio.c.obj
                0x080010fc                MX_GPIO_Init
 .text.LL_AHB2_GRP1_EnableClock
                0x080011d0       0x1c CMakeFiles/MiniFOCer.dir/Core/Src/adc.c.obj
 .text.LL_ADC_SetGainCompensation.constprop.0
                0x080011ec       0x16 CMakeFiles/MiniFOCer.dir/Core/Src/adc.c.obj
 *fill*         0x08001202        0x2 
 .text.MX_ADC1_Init
                0x08001204      0x190 CMakeFiles/MiniFOCer.dir/Core/Src/adc.c.obj
                0x08001204                MX_ADC1_Init
 .text.MX_ADC2_Init
                0x08001394      0x188 CMakeFiles/MiniFOCer.dir/Core/Src/adc.c.obj
                0x08001394                MX_ADC2_Init
 .text.MX_ADC3_Init
                0x0800151c      0x1dc CMakeFiles/MiniFOCer.dir/Core/Src/adc.c.obj
                0x0800151c                MX_ADC3_Init
 .text.MX_ADC4_Init
                0x080016f8      0x148 CMakeFiles/MiniFOCer.dir/Core/Src/adc.c.obj
                0x080016f8                MX_ADC4_Init
 .text.LL_AHB1_GRP1_EnableClock
                0x08001840       0x1c CMakeFiles/MiniFOCer.dir/Core/Src/dma.c.obj
 .text.MX_DMA_Init
                0x0800185c       0x18 CMakeFiles/MiniFOCer.dir/Core/Src/dma.c.obj
                0x0800185c                MX_DMA_Init
 .text.MX_FDCAN1_Init
                0x08001874       0x50 CMakeFiles/MiniFOCer.dir/Core/Src/fdcan.c.obj
                0x08001874                MX_FDCAN1_Init
 .text.HAL_FDCAN_MspInit
                0x080018c4       0x84 CMakeFiles/MiniFOCer.dir/Core/Src/fdcan.c.obj
                0x080018c4                HAL_FDCAN_MspInit
 .text.LL_AHB2_GRP1_EnableClock
                0x08001948       0x1c CMakeFiles/MiniFOCer.dir/Core/Src/hrtim.c.obj
 .text.LL_HRTIM_OUT_SetChopperMode.constprop.0
                0x08001964       0x40 CMakeFiles/MiniFOCer.dir/Core/Src/hrtim.c.obj
 .text.LL_HRTIM_OUT_SetFaultState.constprop.0
                0x080019a4       0x40 CMakeFiles/MiniFOCer.dir/Core/Src/hrtim.c.obj
 .text.LL_HRTIM_OUT_SetIdleLevel.constprop.0
                0x080019e4       0x40 CMakeFiles/MiniFOCer.dir/Core/Src/hrtim.c.obj
 .text.LL_HRTIM_OUT_SetIdleMode.constprop.0
                0x08001a24       0x40 CMakeFiles/MiniFOCer.dir/Core/Src/hrtim.c.obj
 .text.LL_HRTIM_OUT_SetPolarity.constprop.0
                0x08001a64       0x40 CMakeFiles/MiniFOCer.dir/Core/Src/hrtim.c.obj
 .text.LL_HRTIM_OUT_SetOutputResetSrc.constprop.0
                0x08001aa4       0x2c CMakeFiles/MiniFOCer.dir/Core/Src/hrtim.c.obj
 .text.LL_HRTIM_OUT_SetOutputSetSrc.constprop.0
                0x08001ad0       0x2c CMakeFiles/MiniFOCer.dir/Core/Src/hrtim.c.obj
 .text.LL_HRTIM_TIM_SetCountingMode.constprop.0
                0x08001afc       0x34 CMakeFiles/MiniFOCer.dir/Core/Src/hrtim.c.obj
 .text.LL_HRTIM_TIM_SetBurstModeOption.constprop.0
                0x08001b30       0x18 CMakeFiles/MiniFOCer.dir/Core/Src/hrtim.c.obj
 .text.LL_HRTIM_TIM_DisableDeadTime.constprop.0
                0x08001b48       0x28 CMakeFiles/MiniFOCer.dir/Core/Src/hrtim.c.obj
 .text.LL_HRTIM_TIM_SetResetTrig.constprop.0
                0x08001b70       0x24 CMakeFiles/MiniFOCer.dir/Core/Src/hrtim.c.obj
 .text.LL_HRTIM_TIM_SetRepetition.constprop.0
                0x08001b94       0x28 CMakeFiles/MiniFOCer.dir/Core/Src/hrtim.c.obj
 .text.LL_HRTIM_TIM_SetPeriod.constprop.0
                0x08001bbc       0x30 CMakeFiles/MiniFOCer.dir/Core/Src/hrtim.c.obj
 .text.LL_HRTIM_TIM_DisablePushPullMode.constprop.0
                0x08001bec       0x28 CMakeFiles/MiniFOCer.dir/Core/Src/hrtim.c.obj
 .text.LL_HRTIM_TIM_SetUpdateGating.constprop.0
                0x08001c14       0x34 CMakeFiles/MiniFOCer.dir/Core/Src/hrtim.c.obj
 .text.LL_HRTIM_TIM_SetUpdateTrig.constprop.0
                0x08001c48       0x40 CMakeFiles/MiniFOCer.dir/Core/Src/hrtim.c.obj
 .text.LL_HRTIM_TIM_EnablePreload.constprop.0
                0x08001c88       0x28 CMakeFiles/MiniFOCer.dir/Core/Src/hrtim.c.obj
 .text.LL_HRTIM_TIM_SetDACTrig.constprop.0
                0x08001cb0       0x28 CMakeFiles/MiniFOCer.dir/Core/Src/hrtim.c.obj
 .text.LL_HRTIM_TIM_DisableResetOnSync.constprop.0
                0x08001cd8       0x28 CMakeFiles/MiniFOCer.dir/Core/Src/hrtim.c.obj
 .text.LL_HRTIM_TIM_DisableStartOnSync.constprop.0
                0x08001d00       0x28 CMakeFiles/MiniFOCer.dir/Core/Src/hrtim.c.obj
 .text.LL_HRTIM_TIM_SetInterleavedMode.constprop.0
                0x08001d28       0x34 CMakeFiles/MiniFOCer.dir/Core/Src/hrtim.c.obj
 .text.LL_HRTIM_TIM_DisableResyncUpdate.constprop.0
                0x08001d5c       0x28 CMakeFiles/MiniFOCer.dir/Core/Src/hrtim.c.obj
 .text.LL_HRTIM_TIM_DisableHalfMode.constprop.0
                0x08001d84       0x3c CMakeFiles/MiniFOCer.dir/Core/Src/hrtim.c.obj
 .text.LL_HRTIM_TIM_SetCounterMode.constprop.0
                0x08001dc0       0x2c CMakeFiles/MiniFOCer.dir/Core/Src/hrtim.c.obj
 .text.LL_HRTIM_TIM_SetPrescaler.constprop.0
                0x08001dec       0x2c CMakeFiles/MiniFOCer.dir/Core/Src/hrtim.c.obj
 .text.NVIC_EncodePriority.constprop.0
                0x08001e18       0x2a CMakeFiles/MiniFOCer.dir/Core/Src/hrtim.c.obj
 *fill*         0x08001e42        0x2 
 .text.MX_HRTIM1_Init
                0x08001e44      0x650 CMakeFiles/MiniFOCer.dir/Core/Src/hrtim.c.obj
                0x08001e44                MX_HRTIM1_Init
 .text.MX_SPI1_Init
                0x08002494       0xf0 CMakeFiles/MiniFOCer.dir/Core/Src/spi.c.obj
                0x08002494                MX_SPI1_Init
 .text.MX_SPI3_Init
                0x08002584       0xec CMakeFiles/MiniFOCer.dir/Core/Src/spi.c.obj
                0x08002584                MX_SPI3_Init
 .text.MX_TIM2_Init
                0x08002670       0x70 CMakeFiles/MiniFOCer.dir/Core/Src/tim.c.obj
                0x08002670                MX_TIM2_Init
 .text.HAL_TIM_Base_MspInit
                0x080026e0       0x24 CMakeFiles/MiniFOCer.dir/Core/Src/tim.c.obj
                0x080026e0                HAL_TIM_Base_MspInit
 .text.NMI_Handler
                0x08002704        0x2 CMakeFiles/MiniFOCer.dir/Core/Src/stm32g4xx_it.c.obj
                0x08002704                NMI_Handler
 .text.HardFault_Handler
                0x08002706        0x2 CMakeFiles/MiniFOCer.dir/Core/Src/stm32g4xx_it.c.obj
                0x08002706                HardFault_Handler
 .text.MemManage_Handler
                0x08002708        0x2 CMakeFiles/MiniFOCer.dir/Core/Src/stm32g4xx_it.c.obj
                0x08002708                MemManage_Handler
 .text.BusFault_Handler
                0x0800270a        0x2 CMakeFiles/MiniFOCer.dir/Core/Src/stm32g4xx_it.c.obj
                0x0800270a                BusFault_Handler
 .text.UsageFault_Handler
                0x0800270c        0x2 CMakeFiles/MiniFOCer.dir/Core/Src/stm32g4xx_it.c.obj
                0x0800270c                UsageFault_Handler
 .text.SVC_Handler
                0x0800270e        0x2 CMakeFiles/MiniFOCer.dir/Core/Src/stm32g4xx_it.c.obj
                0x0800270e                SVC_Handler
 .text.DebugMon_Handler
                0x08002710        0x2 CMakeFiles/MiniFOCer.dir/Core/Src/stm32g4xx_it.c.obj
                0x08002710                DebugMon_Handler
 .text.PendSV_Handler
                0x08002712        0x2 CMakeFiles/MiniFOCer.dir/Core/Src/stm32g4xx_it.c.obj
                0x08002712                PendSV_Handler
 .text.SysTick_Handler
                0x08002714        0x4 CMakeFiles/MiniFOCer.dir/Core/Src/stm32g4xx_it.c.obj
                0x08002714                SysTick_Handler
 .text.FDCAN1_IT0_IRQHandler
                0x08002718        0xc CMakeFiles/MiniFOCer.dir/Core/Src/stm32g4xx_it.c.obj
                0x08002718                FDCAN1_IT0_IRQHandler
 .text.SPI1_IRQHandler
                0x08002724        0x2 CMakeFiles/MiniFOCer.dir/Core/Src/stm32g4xx_it.c.obj
                0x08002724                SPI1_IRQHandler
 .text.SPI3_IRQHandler
                0x08002726        0x2 CMakeFiles/MiniFOCer.dir/Core/Src/stm32g4xx_it.c.obj
                0x08002726                SPI3_IRQHandler
 .text.HRTIM1_TIMA_IRQHandler
                0x08002728        0x2 CMakeFiles/MiniFOCer.dir/Core/Src/stm32g4xx_it.c.obj
                0x08002728                HRTIM1_TIMA_IRQHandler
 .text.HRTIM1_TIMC_IRQHandler
                0x0800272a        0x2 CMakeFiles/MiniFOCer.dir/Core/Src/stm32g4xx_it.c.obj
                0x0800272a                HRTIM1_TIMC_IRQHandler
 .text.HAL_MspInit
                0x0800272c       0x48 CMakeFiles/MiniFOCer.dir/Core/Src/stm32g4xx_hal_msp.c.obj
                0x0800272c                HAL_MspInit
 .text.Reset_Handler
                0x08002774       0x50 CMakeFiles/MiniFOCer.dir/startup_stm32g474xx.s.obj
                0x08002774                Reset_Handler
 .text.Default_Handler
                0x080027c4        0x2 CMakeFiles/MiniFOCer.dir/startup_stm32g474xx.s.obj
                0x080027c4                RTC_Alarm_IRQHandler
                0x080027c4                EXTI2_IRQHandler
                0x080027c4                TIM8_TRG_COM_IRQHandler
                0x080027c4                TIM8_CC_IRQHandler
                0x080027c4                HRTIM1_Master_IRQHandler
                0x080027c4                SPI4_IRQHandler
                0x080027c4                FDCAN3_IT0_IRQHandler
                0x080027c4                TIM1_CC_IRQHandler
                0x080027c4                HRTIM1_FLT_IRQHandler
                0x080027c4                HRTIM1_TIMF_IRQHandler
                0x080027c4                USB_HP_IRQHandler
                0x080027c4                CORDIC_IRQHandler
                0x080027c4                HRTIM1_TIMD_IRQHandler
                0x080027c4                DMA2_Channel8_IRQHandler
                0x080027c4                EXTI3_IRQHandler
                0x080027c4                I2C3_ER_IRQHandler
                0x080027c4                EXTI0_IRQHandler
                0x080027c4                I2C2_EV_IRQHandler
                0x080027c4                FPU_IRQHandler
                0x080027c4                FDCAN1_IT1_IRQHandler
                0x080027c4                TIM1_UP_TIM16_IRQHandler
                0x080027c4                ADC1_2_IRQHandler
                0x080027c4                HRTIM1_TIME_IRQHandler
                0x080027c4                TIM6_DAC_IRQHandler
                0x080027c4                TIM8_UP_IRQHandler
                0x080027c4                DMA2_Channel2_IRQHandler
                0x080027c4                DMA1_Channel4_IRQHandler
                0x080027c4                TIM20_TRG_COM_IRQHandler
                0x080027c4                USART3_IRQHandler
                0x080027c4                DMA1_Channel7_IRQHandler
                0x080027c4                UART5_IRQHandler
                0x080027c4                ADC3_IRQHandler
                0x080027c4                TIM4_IRQHandler
                0x080027c4                DMA2_Channel1_IRQHandler
                0x080027c4                QUADSPI_IRQHandler
                0x080027c4                I2C1_EV_IRQHandler
                0x080027c4                DMA1_Channel6_IRQHandler
                0x080027c4                UART4_IRQHandler
                0x080027c4                DMA2_Channel4_IRQHandler
                0x080027c4                TIM3_IRQHandler
                0x080027c4                RCC_IRQHandler
                0x080027c4                TIM20_UP_IRQHandler
                0x080027c4                DMA1_Channel1_IRQHandler
                0x080027c4                Default_Handler
                0x080027c4                DMA2_Channel7_IRQHandler
                0x080027c4                RTC_TAMP_LSECSS_IRQHandler
                0x080027c4                FMAC_IRQHandler
                0x080027c4                EXTI15_10_IRQHandler
                0x080027c4                DMA1_Channel8_IRQHandler
                0x080027c4                TIM7_DAC_IRQHandler
                0x080027c4                FDCAN3_IT1_IRQHandler
                0x080027c4                TIM5_IRQHandler
                0x080027c4                UCPD1_IRQHandler
                0x080027c4                I2C3_EV_IRQHandler
                0x080027c4                EXTI9_5_IRQHandler
                0x080027c4                RTC_WKUP_IRQHandler
                0x080027c4                PVD_PVM_IRQHandler
                0x080027c4                SPI2_IRQHandler
                0x080027c4                ADC5_IRQHandler
                0x080027c4                DMA2_Channel5_IRQHandler
                0x080027c4                CRS_IRQHandler
                0x080027c4                DMA1_Channel5_IRQHandler
                0x080027c4                USB_LP_IRQHandler
                0x080027c4                EXTI4_IRQHandler
                0x080027c4                RNG_IRQHandler
                0x080027c4                HRTIM1_TIMB_IRQHandler
                0x080027c4                TIM1_TRG_COM_TIM17_IRQHandler
                0x080027c4                FDCAN2_IT1_IRQHandler
                0x080027c4                DMA1_Channel3_IRQHandler
                0x080027c4                ADC4_IRQHandler
                0x080027c4                WWDG_IRQHandler
                0x080027c4                I2C4_EV_IRQHandler
                0x080027c4                FDCAN2_IT0_IRQHandler
                0x080027c4                LPUART1_IRQHandler
                0x080027c4                DMA2_Channel6_IRQHandler
                0x080027c4                TIM2_IRQHandler
                0x080027c4                COMP7_IRQHandler
                0x080027c4                COMP1_2_3_IRQHandler
                0x080027c4                EXTI1_IRQHandler
                0x080027c4                USART2_IRQHandler
                0x080027c4                COMP4_5_6_IRQHandler
                0x080027c4                TIM20_BRK_IRQHandler
                0x080027c4                I2C2_ER_IRQHandler
                0x080027c4                DMA1_Channel2_IRQHandler
                0x080027c4                TIM8_BRK_IRQHandler
                0x080027c4                FLASH_IRQHandler
                0x080027c4                TIM20_CC_IRQHandler
                0x080027c4                USART1_IRQHandler
                0x080027c4                I2C1_ER_IRQHandler
                0x080027c4                FMC_IRQHandler
                0x080027c4                LPTIM1_IRQHandler
                0x080027c4                DMAMUX_OVR_IRQHandler
                0x080027c4                I2C4_ER_IRQHandler
                0x080027c4                USBWakeUp_IRQHandler
                0x080027c4                SAI1_IRQHandler
                0x080027c4                DMA2_Channel3_IRQHandler
                0x080027c4                TIM1_BRK_TIM15_IRQHandler
 *(.glue_7)
 .glue_7        0x080027c6        0x0 linker stubs
 *(.glue_7t)
 .glue_7t       0x080027c6        0x0 linker stubs
 *(.eh_frame)
 *fill*         0x080027c6        0x2 
 .eh_frame      0x080027c8        0x0 C:/PROGRA~2/ARMGNU~1/142BCE~1.3RE/bin/../lib/gcc/arm-none-eabi/14.3.1/thumb/v7e-m+fp/hard/crtbegin.o
 *(.init)
 .init          0x080027c8        0x4 C:/PROGRA~2/ARMGNU~1/142BCE~1.3RE/bin/../lib/gcc/arm-none-eabi/14.3.1/thumb/v7e-m+fp/hard/crti.o
                0x080027c8                _init
 .init          0x080027cc        0x8 C:/PROGRA~2/ARMGNU~1/142BCE~1.3RE/bin/../lib/gcc/arm-none-eabi/14.3.1/thumb/v7e-m+fp/hard/crtn.o
 *(.fini)
 .fini          0x080027d4        0x4 C:/PROGRA~2/ARMGNU~1/142BCE~1.3RE/bin/../lib/gcc/arm-none-eabi/14.3.1/thumb/v7e-m+fp/hard/crti.o
                0x080027d4                _fini
 .fini          0x080027d8        0x8 C:/PROGRA~2/ARMGNU~1/142BCE~1.3RE/bin/../lib/gcc/arm-none-eabi/14.3.1/thumb/v7e-m+fp/hard/crtn.o
                0x080027e0                        . = ALIGN (0x4)
                0x080027e0                        _etext = .

.vfp11_veneer   0x080027e0        0x0
 .vfp11_veneer  0x080027e0        0x0 linker stubs

.v4_bx          0x080027e0        0x0
 .v4_bx         0x080027e0        0x0 linker stubs

.iplt           0x080027e0        0x0
 .iplt          0x080027e0        0x0 C:/PROGRA~2/ARMGNU~1/142BCE~1.3RE/bin/../lib/gcc/arm-none-eabi/14.3.1/thumb/v7e-m+fp/hard/crtbegin.o

.rodata         0x080027e0       0xb4
                0x080027e0                        . = ALIGN (0x4)
 *(.rodata)
 *(.rodata*)
 .rodata.REG_MASK_TAB_INTLVD
                0x080027e0       0x1c CMakeFiles/MiniFOCer.dir/Core/Src/hrtim.c.obj
 .rodata.REG_SHIFT_TAB_INTLVD
                0x080027fc        0x7 CMakeFiles/MiniFOCer.dir/Core/Src/hrtim.c.obj
 .rodata.REG_SHIFT_TAB_OUTxR
                0x08002803        0xc CMakeFiles/MiniFOCer.dir/Core/Src/hrtim.c.obj
 *fill*         0x0800280f        0x1 
 .rodata.REG_MASK_TAB_UPDATEGATING
                0x08002810       0x1c CMakeFiles/MiniFOCer.dir/Core/Src/hrtim.c.obj
 .rodata.REG_SHIFT_TAB_UPDATETRIG
                0x0800282c        0x7 CMakeFiles/MiniFOCer.dir/Core/Src/hrtim.c.obj
 *fill*         0x08002833        0x1 
 .rodata.REG_MASK_TAB_UPDATETRIG
                0x08002834       0x20 CMakeFiles/MiniFOCer.dir/Core/Src/hrtim.c.obj
 .rodata.REG_OFFSET_TAB_OUTxR
                0x08002854       0x18 CMakeFiles/MiniFOCer.dir/Core/Src/hrtim.c.obj
 .rodata.REG_OFFSET_TAB_SETxR
                0x0800286c       0x18 CMakeFiles/MiniFOCer.dir/Core/Src/hrtim.c.obj
 .rodata.REG_OFFSET_TAB_TIMER
                0x08002884        0xe CMakeFiles/MiniFOCer.dir/Core/Src/hrtim.c.obj
                0x08002894                        . = ALIGN (0x4)
 *fill*         0x08002892        0x2 

.ARM.extab      0x08002894        0x0
                0x08002894                        . = ALIGN (0x4)
 *(.ARM.extab* .gnu.linkonce.armextab.*)
                0x08002894                        . = ALIGN (0x4)

.ARM            0x08002894        0x0
                0x08002894                        . = ALIGN (0x4)
                0x08002894                        __exidx_start = .
 *(.ARM.exidx*)
                0x08002894                        __exidx_end = .
                0x08002894                        . = ALIGN (0x4)

.preinit_array  0x08002894        0x0
                0x08002894                        . = ALIGN (0x4)
                0x08002894                        PROVIDE (__preinit_array_start = .)
 *(.preinit_array*)
                0x08002894                        PROVIDE (__preinit_array_end = .)
                0x08002894                        . = ALIGN (0x4)

.init_array     0x08002894        0x4
                0x08002894                        . = ALIGN (0x4)
                0x08002894                        PROVIDE (__init_array_start = .)
 *(SORT_BY_NAME(.init_array.*))
 *(.init_array*)
 .init_array    0x08002894        0x4 C:/PROGRA~2/ARMGNU~1/142BCE~1.3RE/bin/../lib/gcc/arm-none-eabi/14.3.1/thumb/v7e-m+fp/hard/crtbegin.o
                0x08002898                        PROVIDE (__init_array_end = .)
                0x08002898                        . = ALIGN (0x4)

.fini_array     0x08002898        0x4
                0x08002898                        . = ALIGN (0x4)
                [!provide]                        PROVIDE (__fini_array_start = .)
 *(SORT_BY_NAME(.fini_array.*))
 *(.fini_array*)
 .fini_array    0x08002898        0x4 C:/PROGRA~2/ARMGNU~1/142BCE~1.3RE/bin/../lib/gcc/arm-none-eabi/14.3.1/thumb/v7e-m+fp/hard/crtbegin.o
                [!provide]                        PROVIDE (__fini_array_end = .)
                0x0800289c                        . = ALIGN (0x4)
                0x0800289c                        _sidata = LOADADDR (.data)

.rel.dyn        0x0800289c        0x0
 .rel.iplt      0x0800289c        0x0 C:/PROGRA~2/ARMGNU~1/142BCE~1.3RE/bin/../lib/gcc/arm-none-eabi/14.3.1/thumb/v7e-m+fp/hard/crtbegin.o

.data           0x20000000        0xc load address 0x0800289c
                0x20000000                        . = ALIGN (0x4)
                0x20000000                        _sdata = .
 *(.data)
 *(.data*)
 .data.SystemCoreClock
                0x20000000        0x4 cmake/stm32cubemx/CMakeFiles/STM32_Drivers.dir/__/__/Core/Src/system_stm32g4xx.c.obj
                0x20000000                SystemCoreClock
 .data.uwTickFreq
                0x20000004        0x4 cmake/stm32cubemx/CMakeFiles/STM32_Drivers.dir/__/__/Drivers/STM32G4xx_HAL_Driver/Src/stm32g4xx_hal.c.obj
                0x20000004                uwTickFreq
 .data.uwTickPrio
                0x20000008        0x4 cmake/stm32cubemx/CMakeFiles/STM32_Drivers.dir/__/__/Drivers/STM32G4xx_HAL_Driver/Src/stm32g4xx_hal.c.obj
                0x20000008                uwTickPrio
 *(.RamFunc)
 *(.RamFunc*)
                0x2000000c                        . = ALIGN (0x4)
                0x2000000c                        _edata = .

.tm_clone_table
                0x2000000c        0x0 load address 0x080028a8
 .tm_clone_table
                0x2000000c        0x0 C:/PROGRA~2/ARMGNU~1/142BCE~1.3RE/bin/../lib/gcc/arm-none-eabi/14.3.1/thumb/v7e-m+fp/hard/crtbegin.o
 .tm_clone_table
                0x2000000c        0x0 C:/PROGRA~2/ARMGNU~1/142BCE~1.3RE/bin/../lib/gcc/arm-none-eabi/14.3.1/thumb/v7e-m+fp/hard/crtend.o

.igot.plt       0x2000000c        0x0 load address 0x080028a8
 .igot.plt      0x2000000c        0x0 C:/PROGRA~2/ARMGNU~1/142BCE~1.3RE/bin/../lib/gcc/arm-none-eabi/14.3.1/thumb/v7e-m+fp/hard/crtbegin.o
                0x2000000c                        . = ALIGN (0x4)

.bss            0x2000000c       0xd0 load address 0x080028a8
                0x2000000c                        _sbss = .
                0x2000000c                        __bss_start__ = _sbss
 *(.bss)
 *(.bss*)
 .bss.completed.1
                0x2000000c        0x1 C:/PROGRA~2/ARMGNU~1/142BCE~1.3RE/bin/../lib/gcc/arm-none-eabi/14.3.1/thumb/v7e-m+fp/hard/crtbegin.o
 *fill*         0x2000000d        0x3 
 .bss.object.0  0x20000010       0x18 C:/PROGRA~2/ARMGNU~1/142BCE~1.3RE/bin/../lib/gcc/arm-none-eabi/14.3.1/thumb/v7e-m+fp/hard/crtbegin.o
 .bss.uwTick    0x20000028        0x4 cmake/stm32cubemx/CMakeFiles/STM32_Drivers.dir/__/__/Drivers/STM32G4xx_HAL_Driver/Src/stm32g4xx_hal.c.obj
                0x20000028                uwTick
 .bss.hfdcan1   0x2000002c       0x64 CMakeFiles/MiniFOCer.dir/Core/Src/fdcan.c.obj
                0x2000002c                hfdcan1
 .bss.htim2     0x20000090       0x4c CMakeFiles/MiniFOCer.dir/Core/Src/tim.c.obj
                0x20000090                htim2
 *(COMMON)
                0x200000dc                        . = ALIGN (0x4)
                0x200000dc                        _ebss = .
                0x200000dc                        __bss_end__ = _ebss

._user_heap_stack
                0x200000dc      0x604 load address 0x080028a8
                0x200000e0                        . = ALIGN (0x8)
 *fill*         0x200000dc        0x4 
                [!provide]                        PROVIDE (end = .)
                0x200000e0                        PROVIDE (_end = .)
                0x200002e0                        . = (. + _Min_Heap_Size)
 *fill*         0x200000e0      0x200 
                0x200006e0                        . = (. + _Min_Stack_Size)
 *fill*         0x200002e0      0x400 
                0x200006e0                        . = ALIGN (0x8)

/DISCARD/
 libc.a(*)
 libm.a(*)
 libgcc.a(*)
OUTPUT(MiniFOCer.elf elf32-littlearm)
LOAD linker stubs
LOAD C:/PROGRA~2/ARMGNU~1/142BCE~1.3RE/bin/../lib/gcc/arm-none-eabi/14.3.1/../../../../arm-none-eabi/lib/thumb/v7e-m+fp/hard\libc.a
LOAD C:/PROGRA~2/ARMGNU~1/142BCE~1.3RE/bin/../lib/gcc/arm-none-eabi/14.3.1/../../../../arm-none-eabi/lib/thumb/v7e-m+fp/hard\libm.a
LOAD C:/PROGRA~2/ARMGNU~1/142BCE~1.3RE/bin/../lib/gcc/arm-none-eabi/14.3.1/thumb/v7e-m+fp/hard\libgcc.a

.ARM.attributes
                0x00000000       0x30
 .ARM.attributes
                0x00000000       0x22 C:/PROGRA~2/ARMGNU~1/142BCE~1.3RE/bin/../lib/gcc/arm-none-eabi/14.3.1/thumb/v7e-m+fp/hard/crti.o
 .ARM.attributes
                0x00000022       0x34 C:/PROGRA~2/ARMGNU~1/142BCE~1.3RE/bin/../lib/gcc/arm-none-eabi/14.3.1/thumb/v7e-m+fp/hard/crtbegin.o
 .ARM.attributes
                0x00000056       0x34 C:/PROGRA~2/ARMGNU~1/142BCE~1.3RE/bin/../lib/gcc/arm-none-eabi/14.3.1/../../../../arm-none-eabi/lib/thumb/v7e-m+fp/hard\libc_nano.a(libc_a-memset.o)
 .ARM.attributes
                0x0000008a       0x34 C:/PROGRA~2/ARMGNU~1/142BCE~1.3RE/bin/../lib/gcc/arm-none-eabi/14.3.1/../../../../arm-none-eabi/lib/thumb/v7e-m+fp/hard\libc_nano.a(libc_a-init.o)
 .ARM.attributes
                0x000000be       0x34 cmake/stm32cubemx/CMakeFiles/STM32_Drivers.dir/__/__/Core/Src/system_stm32g4xx.c.obj
 .ARM.attributes
                0x000000f2       0x34 cmake/stm32cubemx/CMakeFiles/STM32_Drivers.dir/__/__/Drivers/STM32G4xx_HAL_Driver/Src/stm32g4xx_ll_utils.c.obj
 .ARM.attributes
                0x00000126       0x34 cmake/stm32cubemx/CMakeFiles/STM32_Drivers.dir/__/__/Drivers/STM32G4xx_HAL_Driver/Src/stm32g4xx_ll_gpio.c.obj
 .ARM.attributes
                0x0000015a       0x34 cmake/stm32cubemx/CMakeFiles/STM32_Drivers.dir/__/__/Drivers/STM32G4xx_HAL_Driver/Src/stm32g4xx_ll_adc.c.obj
 .ARM.attributes
                0x0000018e       0x34 cmake/stm32cubemx/CMakeFiles/STM32_Drivers.dir/__/__/Drivers/STM32G4xx_HAL_Driver/Src/stm32g4xx_hal.c.obj
 .ARM.attributes
                0x000001c2       0x34 cmake/stm32cubemx/CMakeFiles/STM32_Drivers.dir/__/__/Drivers/STM32G4xx_HAL_Driver/Src/stm32g4xx_hal_gpio.c.obj
 .ARM.attributes
                0x000001f6       0x34 cmake/stm32cubemx/CMakeFiles/STM32_Drivers.dir/__/__/Drivers/STM32G4xx_HAL_Driver/Src/stm32g4xx_hal_pwr_ex.c.obj
 .ARM.attributes
                0x0000022a       0x34 cmake/stm32cubemx/CMakeFiles/STM32_Drivers.dir/__/__/Drivers/STM32G4xx_HAL_Driver/Src/stm32g4xx_hal_cortex.c.obj
 .ARM.attributes
                0x0000025e       0x34 cmake/stm32cubemx/CMakeFiles/STM32_Drivers.dir/__/__/Drivers/STM32G4xx_HAL_Driver/Src/stm32g4xx_hal_fdcan.c.obj
 .ARM.attributes
                0x00000292       0x34 cmake/stm32cubemx/CMakeFiles/STM32_Drivers.dir/__/__/Drivers/STM32G4xx_HAL_Driver/Src/stm32g4xx_ll_spi.c.obj
 .ARM.attributes
                0x000002c6       0x34 cmake/stm32cubemx/CMakeFiles/STM32_Drivers.dir/__/__/Drivers/STM32G4xx_HAL_Driver/Src/stm32g4xx_hal_tim.c.obj
 .ARM.attributes
                0x000002fa       0x34 cmake/stm32cubemx/CMakeFiles/STM32_Drivers.dir/__/__/Drivers/STM32G4xx_HAL_Driver/Src/stm32g4xx_hal_tim_ex.c.obj
 .ARM.attributes
                0x0000032e       0x34 CMakeFiles/MiniFOCer.dir/Core/Src/main.c.obj
 .ARM.attributes
                0x00000362       0x34 CMakeFiles/MiniFOCer.dir/Core/Src/gpio.c.obj
 .ARM.attributes
                0x00000396       0x34 CMakeFiles/MiniFOCer.dir/Core/Src/adc.c.obj
 .ARM.attributes
                0x000003ca       0x34 CMakeFiles/MiniFOCer.dir/Core/Src/dma.c.obj
 .ARM.attributes
                0x000003fe       0x34 CMakeFiles/MiniFOCer.dir/Core/Src/fdcan.c.obj
 .ARM.attributes
                0x00000432       0x34 CMakeFiles/MiniFOCer.dir/Core/Src/hrtim.c.obj
 .ARM.attributes
                0x00000466       0x34 CMakeFiles/MiniFOCer.dir/Core/Src/spi.c.obj
 .ARM.attributes
                0x0000049a       0x34 CMakeFiles/MiniFOCer.dir/Core/Src/tim.c.obj
 .ARM.attributes
                0x000004ce       0x34 CMakeFiles/MiniFOCer.dir/Core/Src/stm32g4xx_it.c.obj
 .ARM.attributes
                0x00000502       0x34 CMakeFiles/MiniFOCer.dir/Core/Src/stm32g4xx_hal_msp.c.obj
 .ARM.attributes
                0x00000536       0x21 CMakeFiles/MiniFOCer.dir/startup_stm32g474xx.s.obj
 .ARM.attributes
                0x00000557       0x34 C:/PROGRA~2/ARMGNU~1/142BCE~1.3RE/bin/../lib/gcc/arm-none-eabi/14.3.1/thumb/v7e-m+fp/hard/crtend.o
 .ARM.attributes
                0x0000058b       0x22 C:/PROGRA~2/ARMGNU~1/142BCE~1.3RE/bin/../lib/gcc/arm-none-eabi/14.3.1/thumb/v7e-m+fp/hard/crtn.o

.comment        0x00000000       0x46
 .comment       0x00000000       0x46 cmake/stm32cubemx/CMakeFiles/STM32_Drivers.dir/__/__/Core/Src/system_stm32g4xx.c.obj
                                 0x47 (size before relaxing)
 .comment       0x00000046       0x47 cmake/stm32cubemx/CMakeFiles/STM32_Drivers.dir/__/__/Drivers/STM32G4xx_HAL_Driver/Src/stm32g4xx_ll_utils.c.obj
 .comment       0x00000046       0x47 cmake/stm32cubemx/CMakeFiles/STM32_Drivers.dir/__/__/Drivers/STM32G4xx_HAL_Driver/Src/stm32g4xx_ll_gpio.c.obj
 .comment       0x00000046       0x47 cmake/stm32cubemx/CMakeFiles/STM32_Drivers.dir/__/__/Drivers/STM32G4xx_HAL_Driver/Src/stm32g4xx_ll_adc.c.obj
 .comment       0x00000046       0x47 cmake/stm32cubemx/CMakeFiles/STM32_Drivers.dir/__/__/Drivers/STM32G4xx_HAL_Driver/Src/stm32g4xx_hal.c.obj
 .comment       0x00000046       0x47 cmake/stm32cubemx/CMakeFiles/STM32_Drivers.dir/__/__/Drivers/STM32G4xx_HAL_Driver/Src/stm32g4xx_hal_gpio.c.obj
 .comment       0x00000046       0x47 cmake/stm32cubemx/CMakeFiles/STM32_Drivers.dir/__/__/Drivers/STM32G4xx_HAL_Driver/Src/stm32g4xx_hal_pwr_ex.c.obj
 .comment       0x00000046       0x47 cmake/stm32cubemx/CMakeFiles/STM32_Drivers.dir/__/__/Drivers/STM32G4xx_HAL_Driver/Src/stm32g4xx_hal_cortex.c.obj
 .comment       0x00000046       0x47 cmake/stm32cubemx/CMakeFiles/STM32_Drivers.dir/__/__/Drivers/STM32G4xx_HAL_Driver/Src/stm32g4xx_hal_fdcan.c.obj
 .comment       0x00000046       0x47 cmake/stm32cubemx/CMakeFiles/STM32_Drivers.dir/__/__/Drivers/STM32G4xx_HAL_Driver/Src/stm32g4xx_ll_spi.c.obj
 .comment       0x00000046       0x47 cmake/stm32cubemx/CMakeFiles/STM32_Drivers.dir/__/__/Drivers/STM32G4xx_HAL_Driver/Src/stm32g4xx_hal_tim.c.obj
 .comment       0x00000046       0x47 cmake/stm32cubemx/CMakeFiles/STM32_Drivers.dir/__/__/Drivers/STM32G4xx_HAL_Driver/Src/stm32g4xx_hal_tim_ex.c.obj
 .comment       0x00000046       0x47 CMakeFiles/MiniFOCer.dir/Core/Src/main.c.obj
 .comment       0x00000046       0x47 CMakeFiles/MiniFOCer.dir/Core/Src/gpio.c.obj
 .comment       0x00000046       0x47 CMakeFiles/MiniFOCer.dir/Core/Src/adc.c.obj
 .comment       0x00000046       0x47 CMakeFiles/MiniFOCer.dir/Core/Src/dma.c.obj
 .comment       0x00000046       0x47 CMakeFiles/MiniFOCer.dir/Core/Src/fdcan.c.obj
 .comment       0x00000046       0x47 CMakeFiles/MiniFOCer.dir/Core/Src/hrtim.c.obj
 .comment       0x00000046       0x47 CMakeFiles/MiniFOCer.dir/Core/Src/spi.c.obj
 .comment       0x00000046       0x47 CMakeFiles/MiniFOCer.dir/Core/Src/tim.c.obj
 .comment       0x00000046       0x47 CMakeFiles/MiniFOCer.dir/Core/Src/stm32g4xx_it.c.obj
 .comment       0x00000046       0x47 CMakeFiles/MiniFOCer.dir/Core/Src/stm32g4xx_hal_msp.c.obj

.debug_frame    0x00000000       0x4c
 .debug_frame   0x00000000       0x20 C:/PROGRA~2/ARMGNU~1/142BCE~1.3RE/bin/../lib/gcc/arm-none-eabi/14.3.1/../../../../arm-none-eabi/lib/thumb/v7e-m+fp/hard\libc_nano.a(libc_a-memset.o)
 .debug_frame   0x00000020       0x2c C:/PROGRA~2/ARMGNU~1/142BCE~1.3RE/bin/../lib/gcc/arm-none-eabi/14.3.1/../../../../arm-none-eabi/lib/thumb/v7e-m+fp/hard\libc_nano.a(libc_a-init.o)
