Archive member included to satisfy reference by file (symbol)

C:/PROGRA~2/ARMGNU~1/142BCE~1.3RE/bin/../lib/gcc/arm-none-eabi/14.3.1/../../../../arm-none-eabi/lib/thumb/v7e-m+fp/hard\libc_nano.a(libc_a-exit.o)
                              C:/PROGRA~2/ARMGNU~1/142BCE~1.3RE/bin/../lib/gcc/arm-none-eabi/14.3.1/../../../../arm-none-eabi/lib/thumb/v7e-m+fp/hard/crt0.o (exit)
C:/PROGRA~2/ARMGNU~1/142BCE~1.3RE/bin/../lib/gcc/arm-none-eabi/14.3.1/../../../../arm-none-eabi/lib/thumb/v7e-m+fp/hard\libc_nano.a(libc_a-findfp.o)
                              C:/PROGRA~2/ARMGNU~1/142BCE~1.3RE/bin/../lib/gcc/arm-none-eabi/14.3.1/../../../../arm-none-eabi/lib/thumb/v7e-m+fp/hard\libc_nano.a(libc_a-exit.o) (__stdio_exit_handler)
C:/PROGRA~2/ARMGNU~1/142BCE~1.3RE/bin/../lib/gcc/arm-none-eabi/14.3.1/../../../../arm-none-eabi/lib/thumb/v7e-m+fp/hard\libc_nano.a(libc_a-fwalk.o)
                              C:/PROGRA~2/ARMGNU~1/142BCE~1.3RE/bin/../lib/gcc/arm-none-eabi/14.3.1/../../../../arm-none-eabi/lib/thumb/v7e-m+fp/hard\libc_nano.a(libc_a-findfp.o) (_fwalk_sglue)
C:/PROGRA~2/ARMGNU~1/142BCE~1.3RE/bin/../lib/gcc/arm-none-eabi/14.3.1/../../../../arm-none-eabi/lib/thumb/v7e-m+fp/hard\libc_nano.a(libc_a-stdio.o)
                              C:/PROGRA~2/ARMGNU~1/142BCE~1.3RE/bin/../lib/gcc/arm-none-eabi/14.3.1/../../../../arm-none-eabi/lib/thumb/v7e-m+fp/hard\libc_nano.a(libc_a-findfp.o) (__sread)
C:/PROGRA~2/ARMGNU~1/142BCE~1.3RE/bin/../lib/gcc/arm-none-eabi/14.3.1/../../../../arm-none-eabi/lib/thumb/v7e-m+fp/hard\libc_nano.a(libc_a-memset.o)
                              C:/PROGRA~2/ARMGNU~1/142BCE~1.3RE/bin/../lib/gcc/arm-none-eabi/14.3.1/../../../../arm-none-eabi/lib/thumb/v7e-m+fp/hard/crt0.o (memset)
C:/PROGRA~2/ARMGNU~1/142BCE~1.3RE/bin/../lib/gcc/arm-none-eabi/14.3.1/../../../../arm-none-eabi/lib/thumb/v7e-m+fp/hard\libc_nano.a(libc_a-closer.o)
                              C:/PROGRA~2/ARMGNU~1/142BCE~1.3RE/bin/../lib/gcc/arm-none-eabi/14.3.1/../../../../arm-none-eabi/lib/thumb/v7e-m+fp/hard\libc_nano.a(libc_a-stdio.o) (_close_r)
C:/PROGRA~2/ARMGNU~1/142BCE~1.3RE/bin/../lib/gcc/arm-none-eabi/14.3.1/../../../../arm-none-eabi/lib/thumb/v7e-m+fp/hard\libc_nano.a(libc_a-reent.o)
                              C:/PROGRA~2/ARMGNU~1/142BCE~1.3RE/bin/../lib/gcc/arm-none-eabi/14.3.1/../../../../arm-none-eabi/lib/thumb/v7e-m+fp/hard\libc_nano.a(libc_a-closer.o) (errno)
C:/PROGRA~2/ARMGNU~1/142BCE~1.3RE/bin/../lib/gcc/arm-none-eabi/14.3.1/../../../../arm-none-eabi/lib/thumb/v7e-m+fp/hard\libc_nano.a(libc_a-impure.o)
                              C:/PROGRA~2/ARMGNU~1/142BCE~1.3RE/bin/../lib/gcc/arm-none-eabi/14.3.1/../../../../arm-none-eabi/lib/thumb/v7e-m+fp/hard\libc_nano.a(libc_a-reent.o) (_impure_ptr)
C:/PROGRA~2/ARMGNU~1/142BCE~1.3RE/bin/../lib/gcc/arm-none-eabi/14.3.1/../../../../arm-none-eabi/lib/thumb/v7e-m+fp/hard\libc_nano.a(libc_a-lseekr.o)
                              C:/PROGRA~2/ARMGNU~1/142BCE~1.3RE/bin/../lib/gcc/arm-none-eabi/14.3.1/../../../../arm-none-eabi/lib/thumb/v7e-m+fp/hard\libc_nano.a(libc_a-stdio.o) (_lseek_r)
C:/PROGRA~2/ARMGNU~1/142BCE~1.3RE/bin/../lib/gcc/arm-none-eabi/14.3.1/../../../../arm-none-eabi/lib/thumb/v7e-m+fp/hard\libc_nano.a(libc_a-readr.o)
                              C:/PROGRA~2/ARMGNU~1/142BCE~1.3RE/bin/../lib/gcc/arm-none-eabi/14.3.1/../../../../arm-none-eabi/lib/thumb/v7e-m+fp/hard\libc_nano.a(libc_a-stdio.o) (_read_r)
C:/PROGRA~2/ARMGNU~1/142BCE~1.3RE/bin/../lib/gcc/arm-none-eabi/14.3.1/../../../../arm-none-eabi/lib/thumb/v7e-m+fp/hard\libc_nano.a(libc_a-writer.o)
                              C:/PROGRA~2/ARMGNU~1/142BCE~1.3RE/bin/../lib/gcc/arm-none-eabi/14.3.1/../../../../arm-none-eabi/lib/thumb/v7e-m+fp/hard\libc_nano.a(libc_a-stdio.o) (_write_r)
C:/PROGRA~2/ARMGNU~1/142BCE~1.3RE/bin/../lib/gcc/arm-none-eabi/14.3.1/../../../../arm-none-eabi/lib/thumb/v7e-m+fp/hard\libc_nano.a(libc_a-init.o)
                              C:/PROGRA~2/ARMGNU~1/142BCE~1.3RE/bin/../lib/gcc/arm-none-eabi/14.3.1/../../../../arm-none-eabi/lib/thumb/v7e-m+fp/hard/crt0.o (__libc_init_array)
C:/PROGRA~2/ARMGNU~1/142BCE~1.3RE/bin/../lib/gcc/arm-none-eabi/14.3.1/../../../../arm-none-eabi/lib/thumb/v7e-m+fp/hard\libc_nano.a(libc_a-lock.o)
                              C:/PROGRA~2/ARMGNU~1/142BCE~1.3RE/bin/../lib/gcc/arm-none-eabi/14.3.1/../../../../arm-none-eabi/lib/thumb/v7e-m+fp/hard\libc_nano.a(libc_a-findfp.o) (__retarget_lock_init_recursive)
C:/PROGRA~2/ARMGNU~1/142BCE~1.3RE/bin/../lib/gcc/arm-none-eabi/14.3.1/../../../../arm-none-eabi/lib/thumb/v7e-m+fp/hard\libc_nano.a(libc_a-freer.o)
                              C:/PROGRA~2/ARMGNU~1/142BCE~1.3RE/bin/../lib/gcc/arm-none-eabi/14.3.1/../../../../arm-none-eabi/lib/thumb/v7e-m+fp/hard\libc_nano.a(libc_a-reent.o) (_free_r)
C:/PROGRA~2/ARMGNU~1/142BCE~1.3RE/bin/../lib/gcc/arm-none-eabi/14.3.1/../../../../arm-none-eabi/lib/thumb/v7e-m+fp/hard\libc_nano.a(libc_a-mallocr.o)
[...]
Memory Configuration

Name             Origin             Length             Attributes
RAM              0x20000000         0x00020000         xrw
FLASH            0x08000000         0x00080000         xr
*default*        0x00000000         0xffffffff

Linker script and memory map

LOAD C:/PROGRA~2/ARMGNU~1/142BCE~1.3RE/bin/../lib/gcc/arm-none-eabi/14.3.1/thumb/v7e-m+fp/hard/crti.o
LOAD C:/PROGRA~2/ARMGNU~1/142BCE~1.3RE/bin/../lib/gcc/arm-none-eabi/14.3.1/thumb/v7e-m+fp/hard/crtbegin.o
LOAD C:/PROGRA~2/ARMGNU~1/142BCE~1.3RE/bin/../lib/gcc/arm-none-eabi/14.3.1/../../../../arm-none-eabi/lib/thumb/v7e-m+fp/hard/crt0.o
START GROUP
LOAD C:/PROGRA~2/ARMGNU~1/142BCE~1.3RE/bin/../lib/gcc/arm-none-eabi/14.3.1/../../../../arm-none-eabi/lib/thumb/v7e-m+fp/hard\libc_nano.a
LOAD C:/PROGRA~2/ARMGNU~1/142BCE~1.3RE/bin/../lib/gcc/arm-none-eabi/14.3.1/../../../../arm-none-eabi/lib/thumb/v7e-m+fp/hard\libm.a
END GROUP
LOAD cmake/stm32cubemx/CMakeFiles/STM32_Drivers.dir/__/__/Core/Src/system_stm32g4xx.c.obj
LOAD cmake/stm32cubemx/CMakeFiles/STM32_Drivers.dir/__/__/Drivers/STM32G4xx_HAL_Driver/Src/stm32g4xx_ll_utils.c.obj
LOAD cmake/stm32cubemx/CMakeFiles/STM32_Drivers.dir/__/__/Drivers/STM32G4xx_HAL_Driver/Src/stm32g4xx_ll_exti.c.obj
LOAD cmake/stm32cubemx/CMakeFiles/STM32_Drivers.dir/__/__/Drivers/STM32G4xx_HAL_Driver/Src/stm32g4xx_ll_gpio.c.obj
LOAD cmake/stm32cubemx/CMakeFiles/STM32_Drivers.dir/__/__/Drivers/STM32G4xx_HAL_Driver/Src/stm32g4xx_ll_adc.c.obj
LOAD cmake/stm32cubemx/CMakeFiles/STM32_Drivers.dir/__/__/Drivers/STM32G4xx_HAL_Driver/Src/stm32g4xx_ll_dma.c.obj
LOAD cmake/stm32cubemx/CMakeFiles/STM32_Drivers.dir/__/__/Drivers/STM32G4xx_HAL_Driver/Src/stm32g4xx_ll_pwr.c.obj
LOAD cmake/stm32cubemx/CMakeFiles/STM32_Drivers.dir/__/__/Drivers/STM32G4xx_HAL_Driver/Src/stm32g4xx_hal.c.obj
LOAD cmake/stm32cubemx/CMakeFiles/STM32_Drivers.dir/__/__/Drivers/STM32G4xx_HAL_Driver/Src/stm32g4xx_hal_rcc.c.obj
LOAD cmake/stm32cubemx/CMakeFiles/STM32_Drivers.dir/__/__/Drivers/STM32G4xx_HAL_Driver/Src/stm32g4xx_hal_rcc_ex.c.obj
LOAD cmake/stm32cubemx/CMakeFiles/STM32_Drivers.dir/__/__/Drivers/STM32G4xx_HAL_Driver/Src/stm32g4xx_hal_flash.c.obj
LOAD cmake/stm32cubemx/CMakeFiles/STM32_Drivers.dir/__/__/Drivers/STM32G4xx_HAL_Driver/Src/stm32g4xx_hal_flash_ex.c.obj
LOAD cmake/stm32cubemx/CMakeFiles/STM32_Drivers.dir/__/__/Drivers/STM32G4xx_HAL_Driver/Src/stm32g4xx_hal_flash_ramfunc.c.obj
LOAD cmake/stm32cubemx/CMakeFiles/STM32_Drivers.dir/__/__/Drivers/STM32G4xx_HAL_Driver/Src/stm32g4xx_hal_gpio.c.obj
LOAD cmake/stm32cubemx/CMakeFiles/STM32_Drivers.dir/__/__/Drivers/STM32G4xx_HAL_Driver/Src/stm32g4xx_hal_exti.c.obj
LOAD cmake/stm32cubemx/CMakeFiles/STM32_Drivers.dir/__/__/Drivers/STM32G4xx_HAL_Driver/Src/stm32g4xx_hal_dma.c.obj
LOAD cmake/stm32cubemx/CMakeFiles/STM32_Drivers.dir/__/__/Drivers/STM32G4xx_HAL_Driver/Src/stm32g4xx_hal_dma_ex.c.obj
LOAD cmake/stm32cubemx/CMakeFiles/STM32_Drivers.dir/__/__/Drivers/STM32G4xx_HAL_Driver/Src/stm32g4xx_hal_pwr.c.obj
LOAD cmake/stm32cubemx/CMakeFiles/STM32_Drivers.dir/__/__/Drivers/STM32G4xx_HAL_Driver/Src/stm32g4xx_hal_pwr_ex.c.obj
LOAD cmake/stm32cubemx/CMakeFiles/STM32_Drivers.dir/__/__/Drivers/STM32G4xx_HAL_Driver/Src/stm32g4xx_hal_cortex.c.obj
LOAD cmake/stm32cubemx/CMakeFiles/STM32_Drivers.dir/__/__/Drivers/STM32G4xx_HAL_Driver/Src/stm32g4xx_hal_fdcan.c.obj
LOAD cmake/stm32cubemx/CMakeFiles/STM32_Drivers.dir/__/__/Drivers/STM32G4xx_HAL_Driver/Src/stm32g4xx_ll_hrtim.c.obj
LOAD cmake/stm32cubemx/CMakeFiles/STM32_Drivers.dir/__/__/Drivers/STM32G4xx_HAL_Driver/Src/stm32g4xx_ll_spi.c.obj
LOAD cmake/stm32cubemx/CMakeFiles/STM32_Drivers.dir/__/__/Drivers/STM32G4xx_HAL_Driver/Src/stm32g4xx_ll_tim.c.obj
LOAD CMakeFiles/MiniFOCer.dir/Core/Src/main.c.obj
LOAD CMakeFiles/MiniFOCer.dir/Core/Src/gpio.c.obj
LOAD CMakeFiles/MiniFOCer.dir/Core/Src/adc.c.obj
LOAD CMakeFiles/MiniFOCer.dir/Core/Src/dma.c.obj
LOAD CMakeFiles/MiniFOCer.dir/Core/Src/fdcan.c.obj
LOAD CMakeFiles/MiniFOCer.dir/Core/Src/hrtim.c.obj
LOAD CMakeFiles/MiniFOCer.dir/Core/Src/spi.c.obj
LOAD CMakeFiles/MiniFOCer.dir/Core/Src/tim.c.obj
LOAD CMakeFiles/MiniFOCer.dir/Core/Src/stm32g4xx_it.c.obj
LOAD CMakeFiles/MiniFOCer.dir/Core/Src/stm32g4xx_hal_msp.c.obj
LOAD CMakeFiles/MiniFOCer.dir/Core/Src/sysmem.c.obj
LOAD CMakeFiles/MiniFOCer.dir/Core/Src/syscalls.c.obj
LOAD CMakeFiles/MiniFOCer.dir/startup_stm32g474xx.s.obj
LOAD CMakeFiles/MiniFOCer.dir/Core/Src/FastMath.c.obj
LOAD CMakeFiles/MiniFOCer.dir/Core/Src/FOC.c.obj
LOAD CMakeFiles/MiniFOCer.dir/Core/Src/A1333.c.obj
START GROUP
LOAD C:/PROGRA~2/ARMGNU~1/142BCE~1.3RE/bin/../lib/gcc/arm-none-eabi/14.3.1/thumb/v7e-m+fp/hard\libgcc.a
LOAD C:/PROGRA~2/ARMGNU~1/142BCE~1.3RE/bin/../lib/gcc/arm-none-eabi/14.3.1/../../../../arm-none-eabi/lib/thumb/v7e-m+fp/hard\libg_nano.a
LOAD C:/PROGRA~2/ARMGNU~1/142BCE~1.3RE/bin/../lib/gcc/arm-none-eabi/14.3.1/../../../../arm-none-eabi/lib/thumb/v7e-m+fp/hard\libc_nano.a
END GROUP
START GROUP
LOAD C:/PROGRA~2/ARMGNU~1/142BCE~1.3RE/bin/../lib/gcc/arm-none-eabi/14.3.1/thumb/v7e-m+fp/hard\libgcc.a
LOAD C:/PROGRA~2/ARMGNU~1/142BCE~1.3RE/bin/../lib/gcc/arm-none-eabi/14.3.1/../../../../arm-none-eabi/lib/thumb/v7e-m+fp/hard\libc_nano.a
END GROUP
LOAD C:/PROGRA~2/ARMGNU~1/142BCE~1.3RE/bin/../lib/gcc/arm-none-eabi/14.3.1/thumb/v7e-m+fp/hard/crtend.o
LOAD C:/PROGRA~2/ARMGNU~1/142BCE~1.3RE/bin/../lib/gcc/arm-none-eabi/14.3.1/thumb/v7e-m+fp/hard/crtn.o
                0x20020000                        _estack = (ORIGIN (RAM) + LENGTH (RAM))
                0x00000200                        _Min_Heap_Size = 0x200
                0x00000400                        _Min_Stack_Size = 0x400

.isr_vector     0x08000000      0x1d8
                0x08000000                        . = ALIGN (0x4)
 *(.isr_vector)
 .isr_vector    0x08000000      0x1d8 CMakeFiles/MiniFOCer.dir/startup_stm32g474xx.s.obj
                0x08000000                g_pfnVectors
                0x080001d8                        . = ALIGN (0x4)

.text           0x080001d8     0x431c
                0x080001d8                        . = ALIGN (0x4)
 *(.text)
 .text          0x080001d8      0x254 C:/PROGRA~2/ARMGNU~1/142BCE~1.3RE/bin/../lib/gcc/arm-none-eabi/14.3.1/thumb/v7e-m+fp/hard\libgcc.a(_arm_muldf3.o)
                0x080001d8                __muldf3
                0x080001d8                __aeabi_dmul
 .text          0x0800042c      0x378 C:/PROGRA~2/ARMGNU~1/142BCE~1.3RE/bin/../lib/gcc/arm-none-eabi/14.3.1/thumb/v7e-m+fp/hard\libgcc.a(_arm_addsubdf3.o)
                0x0800042c                __aeabi_drsub
                0x08000434                __aeabi_dsub
                0x08000434                __subdf3
                0x08000438                __aeabi_dadd
                0x08000438                __adddf3
                0x080006b0                __floatunsidf
                0x080006b0                __aeabi_ui2d
                0x080006d0                __floatsidf
                0x080006d0                __aeabi_i2d
                0x080006f4                __aeabi_f2d
                0x080006f4                __extendsfdf2
                0x08000738                __floatundidf
                0x08000738                __aeabi_ul2d
                0x08000748                __floatdidf
                0x08000748                __aeabi_l2d
 .text          0x080007a4       0xa0 C:/PROGRA~2/ARMGNU~1/142BCE~1.3RE/bin/../lib/gcc/arm-none-eabi/14.3.1/thumb/v7e-m+fp/hard\libgcc.a(_arm_truncdfsf2.o)
                0x080007a4                __truncdfsf2
                0x080007a4                __aeabi_d2f
 *(.text*)
 .text.deregister_tm_clones
                0x08000844       0x1c C:/PROGRA~2/ARMGNU~1/142BCE~1.3RE/bin/../lib/gcc/arm-none-eabi/14.3.1/thumb/v7e-m+fp/hard/crtbegin.o
 .text.register_tm_clones
                0x08000860       0x24 C:/PROGRA~2/ARMGNU~1/142BCE~1.3RE/bin/../lib/gcc/arm-none-eabi/14.3.1/thumb/v7e-m+fp/hard/crtbegin.o
 .text.__do_global_dtors_aux
                0x08000884       0x28 C:/PROGRA~2/ARMGNU~1/142BCE~1.3RE/bin/../lib/gcc/arm-none-eabi/14.3.1/thumb/v7e-m+fp/hard/crtbegin.o
 .text.frame_dummy
                0x080008ac       0x24 C:/PROGRA~2/ARMGNU~1/142BCE~1.3RE/bin/../lib/gcc/arm-none-eabi/14.3.1/thumb/v7e-m+fp/hard/crtbegin.o
 .text.memset   0x080008d0       0x10 C:/PROGRA~2/ARMGNU~1/142BCE~1.3RE/bin/../lib/gcc/arm-none-eabi/14.3.1/../../../../arm-none-eabi/lib/thumb/v7e-m+fp/hard\libc_nano.a(libc_a-memset.o)
                0x080008d0                memset
 .text.__libc_init_array
                0x080008e0       0x48 C:/PROGRA~2/ARMGNU~1/142BCE~1.3RE/bin/../lib/gcc/arm-none-eabi/14.3.1/../../../../arm-none-eabi/lib/thumb/v7e-m+fp/hard\libc_nano.a(libc_a-init.o)
                0x080008e0                __libc_init_array
 .text.__retarget_lock_acquire_recursive
                0x08000928        0x2 C:/PROGRA~2/ARMGNU~1/142BCE~1.3RE/bin/../lib/gcc/arm-none-eabi/14.3.1/../../../../arm-none-eabi/lib/thumb/v7e-m+fp/hard\libc_nano.a(libc_a-lock.o)
                0x08000928                __retarget_lock_acquire_recursive
 .text.__retarget_lock_release_recursive
                0x0800092a        0x2 C:/PROGRA~2/ARMGNU~1/142BCE~1.3RE/bin/../lib/gcc/arm-none-eabi/14.3.1/../../../../arm-none-eabi/lib/thumb/v7e-m+fp/hard\libc_nano.a(libc_a-lock.o)
                0x0800092a                __retarget_lock_release_recursive
 .text.sbrk_aligned
                0x0800092c       0x44 C:/PROGRA~2/ARMGNU~1/142BCE~1.3RE/bin/../lib/gcc/arm-none-eabi/14.3.1/../../../../arm-none-eabi/lib/thumb/v7e-m+fp/hard\libc_nano.a(libc_a-mallocr.o)
 .text._malloc_r
                0x08000970      0x100 C:/PROGRA~2/ARMGNU~1/142BCE~1.3RE/bin/../lib/gcc/arm-none-eabi/14.3.1/../../../../arm-none-eabi/lib/thumb/v7e-m+fp/hard\libc_nano.a(libc_a-mallocr.o)
                0x08000970                _malloc_r
 .text.__malloc_lock
                0x08000a70        0xc C:/PROGRA~2/ARMGNU~1/142BCE~1.3RE/bin/../lib/gcc/arm-none-eabi/14.3.1/../../../../arm-none-eabi/lib/thumb/v7e-m+fp/hard\libc_nano.a(libc_a-mlock.o)
                0x08000a70                __malloc_lock
 .text.__malloc_unlock
                0x08000a7c        0xc C:/PROGRA~2/ARMGNU~1/142BCE~1.3RE/bin/../lib/gcc/arm-none-eabi/14.3.1/../../../../arm-none-eabi/lib/thumb/v7e-m+fp/hard\libc_nano.a(libc_a-mlock.o)
                0x08000a7c                __malloc_unlock
 .text._sbrk_r  0x08000a88       0x20 C:/PROGRA~2/ARMGNU~1/142BCE~1.3RE/bin/../lib/gcc/arm-none-eabi/14.3.1/../../../../arm-none-eabi/lib/thumb/v7e-m+fp/hard\libc_nano.a(libc_a-sbrkr.o)
                0x08000a88                _sbrk_r
 .text.SystemInit
                0x08000aa8       0x14 cmake/stm32cubemx/CMakeFiles/STM32_Drivers.dir/__/__/Core/Src/system_stm32g4xx.c.obj
                0x08000aa8                SystemInit
 .text.LL_mDelay
                0x08000abc       0x24 cmake/stm32cubemx/CMakeFiles/STM32_Drivers.dir/__/__/Drivers/STM32G4xx_HAL_Driver/Src/stm32g4xx_ll_utils.c.obj
                0x08000abc                LL_mDelay
 .text.LL_SetSystemCoreClock
                0x08000ae0        0xc cmake/stm32cubemx/CMakeFiles/STM32_Drivers.dir/__/__/Drivers/STM32G4xx_HAL_Driver/Src/stm32g4xx_ll_utils.c.obj
                0x08000ae0                LL_SetSystemCoreClock
 .text.LL_GPIO_Init
                0x08000aec      0x138 cmake/stm32cubemx/CMakeFiles/STM32_Drivers.dir/__/__/Drivers/STM32G4xx_HAL_Driver/Src/stm32g4xx_ll_gpio.c.obj
                0x08000aec                LL_GPIO_Init
 .text.LL_ADC_IsEnabled
                0x08000c24        0x8 cmake/stm32cubemx/CMakeFiles/STM32_Drivers.dir/__/__/Drivers/STM32G4xx_HAL_Driver/Src/stm32g4xx_ll_adc.c.obj
 .text.LL_ADC_CommonInit
                0x08000c2c       0x78 cmake/stm32cubemx/CMakeFiles/STM32_Drivers.dir/__/__/Drivers/STM32G4xx_HAL_Driver/Src/stm32g4xx_ll_adc.c.obj
                0x08000c2c                LL_ADC_CommonInit
 .text.LL_ADC_Init
                0x08000ca4       0x28 cmake/stm32cubemx/CMakeFiles/STM32_Drivers.dir/__/__/Drivers/STM32G4xx_HAL_Driver/Src/stm32g4xx_ll_adc.c.obj
                0x08000ca4                LL_ADC_Init
 .text.LL_ADC_REG_Init
                0x08000ccc       0x4c cmake/stm32cubemx/CMakeFiles/STM32_Drivers.dir/__/__/Drivers/STM32G4xx_HAL_Driver/Src/stm32g4xx_ll_adc.c.obj
                0x08000ccc                LL_ADC_REG_Init
 .text.HAL_InitTick
                0x08000d18       0x4c cmake/stm32cubemx/CMakeFiles/STM32_Drivers.dir/__/__/Drivers/STM32G4xx_HAL_Driver/Src/stm32g4xx_hal.c.obj
                0x08000d18                HAL_InitTick
 .text.HAL_Init
                0x08000d64       0x1e cmake/stm32cubemx/CMakeFiles/STM32_Drivers.dir/__/__/Drivers/STM32G4xx_HAL_Driver/Src/stm32g4xx_hal.c.obj
                0x08000d64                HAL_Init
 *fill*         0x08000d82        0x2 
 .text.HAL_IncTick
                0x08000d84       0x18 cmake/stm32cubemx/CMakeFiles/STM32_Drivers.dir/__/__/Drivers/STM32G4xx_HAL_Driver/Src/stm32g4xx_hal.c.obj
                0x08000d84                HAL_IncTick
 .text.HAL_GetTick
                0x08000d9c        0xc cmake/stm32cubemx/CMakeFiles/STM32_Drivers.dir/__/__/Drivers/STM32G4xx_HAL_Driver/Src/stm32g4xx_hal.c.obj
                0x08000d9c                HAL_GetTick
 .text.HAL_SYSCFG_VREFBUF_VoltageScalingConfig
                0x08000da8       0x14 cmake/stm32cubemx/CMakeFiles/STM32_Drivers.dir/__/__/Drivers/STM32G4xx_HAL_Driver/Src/stm32g4xx_hal.c.obj
                0x08000da8                HAL_SYSCFG_VREFBUF_VoltageScalingConfig
 .text.HAL_SYSCFG_VREFBUF_HighImpedanceConfig
                0x08000dbc       0x14 cmake/stm32cubemx/CMakeFiles/STM32_Drivers.dir/__/__/Drivers/STM32G4xx_HAL_Driver/Src/stm32g4xx_hal.c.obj
                0x08000dbc                HAL_SYSCFG_VREFBUF_HighImpedanceConfig
 .text.HAL_SYSCFG_EnableVREFBUF
                0x08000dd0       0x30 cmake/stm32cubemx/CMakeFiles/STM32_Drivers.dir/__/__/Drivers/STM32G4xx_HAL_Driver/Src/stm32g4xx_hal.c.obj
                0x08000dd0                HAL_SYSCFG_EnableVREFBUF
 .text.HAL_GPIO_Init
                0x08000e00      0x194 cmake/stm32cubemx/CMakeFiles/STM32_Drivers.dir/__/__/Drivers/STM32G4xx_HAL_Driver/Src/stm32g4xx_hal_gpio.c.obj
                0x08000e00                HAL_GPIO_Init
 .text.HAL_PWREx_DisableUCPDDeadBattery
                0x08000f94       0x10 cmake/stm32cubemx/CMakeFiles/STM32_Drivers.dir/__/__/Drivers/STM32G4xx_HAL_Driver/Src/stm32g4xx_hal_pwr_ex.c.obj
                0x08000f94                HAL_PWREx_DisableUCPDDeadBattery
 .text.HAL_NVIC_SetPriorityGrouping
                0x08000fa4       0x24 cmake/stm32cubemx/CMakeFiles/STM32_Drivers.dir/__/__/Drivers/STM32G4xx_HAL_Driver/Src/stm32g4xx_hal_cortex.c.obj
                0x08000fa4                HAL_NVIC_SetPriorityGrouping
 .text.HAL_NVIC_SetPriority
                0x08000fc8       0x64 cmake/stm32cubemx/CMakeFiles/STM32_Drivers.dir/__/__/Drivers/STM32G4xx_HAL_Driver/Src/stm32g4xx_hal_cortex.c.obj
                0x08000fc8                HAL_NVIC_SetPriority
 .text.HAL_NVIC_EnableIRQ
                0x0800102c       0x1c cmake/stm32cubemx/CMakeFiles/STM32_Drivers.dir/__/__/Drivers/STM32G4xx_HAL_Driver/Src/stm32g4xx_hal_cortex.c.obj
                0x0800102c                HAL_NVIC_EnableIRQ
 .text.HAL_SYSTICK_Config
                0x08001048       0x28 cmake/stm32cubemx/CMakeFiles/STM32_Drivers.dir/__/__/Drivers/STM32G4xx_HAL_Driver/Src/stm32g4xx_hal_cortex.c.obj
                0x08001048                HAL_SYSTICK_Config
 .text.HAL_FDCAN_Init
                0x08001070      0x1f8 cmake/stm32cubemx/CMakeFiles/STM32_Drivers.dir/__/__/Drivers/STM32G4xx_HAL_Driver/Src/stm32g4xx_hal_fdcan.c.obj
                0x08001070                HAL_FDCAN_Init
 .text.HAL_FDCAN_Start
                0x08001268       0x2c cmake/stm32cubemx/CMakeFiles/STM32_Drivers.dir/__/__/Drivers/STM32G4xx_HAL_Driver/Src/stm32g4xx_hal_fdcan.c.obj
                0x08001268                HAL_FDCAN_Start
 .text.HAL_FDCAN_ActivateNotification
                0x08001294       0xda cmake/stm32cubemx/CMakeFiles/STM32_Drivers.dir/__/__/Drivers/STM32G4xx_HAL_Driver/Src/stm32g4xx_hal_fdcan.c.obj
                0x08001294                HAL_FDCAN_ActivateNotification
 .text.HAL_FDCAN_TxEventFifoCallback
                0x0800136e        0x2 cmake/stm32cubemx/CMakeFiles/STM32_Drivers.dir/__/__/Drivers/STM32G4xx_HAL_Driver/Src/stm32g4xx_hal_fdcan.c.obj
                0x0800136e                HAL_FDCAN_TxEventFifoCallback
 .text.HAL_FDCAN_RxFifo0Callback
                0x08001370        0x2 cmake/stm32cubemx/CMakeFiles/STM32_Drivers.dir/__/__/Drivers/STM32G4xx_HAL_Driver/Src/stm32g4xx_hal_fdcan.c.obj
                0x08001370                HAL_FDCAN_RxFifo0Callback
 .text.HAL_FDCAN_RxFifo1Callback
                0x08001372        0x2 cmake/stm32cubemx/CMakeFiles/STM32_Drivers.dir/__/__/Drivers/STM32G4xx_HAL_Driver/Src/stm32g4xx_hal_fdcan.c.obj
                0x08001372                HAL_FDCAN_RxFifo1Callback
 .text.HAL_FDCAN_TxFifoEmptyCallback
                0x08001374        0x2 cmake/stm32cubemx/CMakeFiles/STM32_Drivers.dir/__/__/Drivers/STM32G4xx_HAL_Driver/Src/stm32g4xx_hal_fdcan.c.obj
                0x08001374                HAL_FDCAN_TxFifoEmptyCallback
 .text.HAL_FDCAN_TxBufferCompleteCallback
                0x08001376        0x2 cmake/stm32cubemx/CMakeFiles/STM32_Drivers.dir/__/__/Drivers/STM32G4xx_HAL_Driver/Src/stm32g4xx_hal_fdcan.c.obj
                0x08001376                HAL_FDCAN_TxBufferCompleteCallback
 .text.HAL_FDCAN_TxBufferAbortCallback
                0x08001378        0x2 cmake/stm32cubemx/CMakeFiles/STM32_Drivers.dir/__/__/Drivers/STM32G4xx_HAL_Driver/Src/stm32g4xx_hal_fdcan.c.obj
                0x08001378                HAL_FDCAN_TxBufferAbortCallback
 .text.HAL_FDCAN_TimestampWraparoundCallback
                0x0800137a        0x2 cmake/stm32cubemx/CMakeFiles/STM32_Drivers.dir/__/__/Drivers/STM32G4xx_HAL_Driver/Src/stm32g4xx_hal_fdcan.c.obj
                0x0800137a                HAL_FDCAN_TimestampWraparoundCallback
 .text.HAL_FDCAN_TimeoutOccurredCallback
                0x0800137c        0x2 cmake/stm32cubemx/CMakeFiles/STM32_Drivers.dir/__/__/Drivers/STM32G4xx_HAL_Driver/Src/stm32g4xx_hal_fdcan.c.obj
                0x0800137c                HAL_FDCAN_TimeoutOccurredCallback
 .text.HAL_FDCAN_HighPriorityMessageCallback
                0x0800137e        0x2 cmake/stm32cubemx/CMakeFiles/STM32_Drivers.dir/__/__/Drivers/STM32G4xx_HAL_Driver/Src/stm32g4xx_hal_fdcan.c.obj
                0x0800137e                HAL_FDCAN_HighPriorityMessageCallback
 .text.HAL_FDCAN_ErrorCallback
                0x08001380        0x2 cmake/stm32cubemx/CMakeFiles/STM32_Drivers.dir/__/__/Drivers/STM32G4xx_HAL_Driver/Src/stm32g4xx_hal_fdcan.c.obj
                0x08001380                HAL_FDCAN_ErrorCallback
 .text.HAL_FDCAN_ErrorStatusCallback
                0x08001382        0x2 cmake/stm32cubemx/CMakeFiles/STM32_Drivers.dir/__/__/Drivers/STM32G4xx_HAL_Driver/Src/stm32g4xx_hal_fdcan.c.obj
                0x08001382                HAL_FDCAN_ErrorStatusCallback
 .text.HAL_FDCAN_IRQHandler
                0x08001384      0x160 cmake/stm32cubemx/CMakeFiles/STM32_Drivers.dir/__/__/Drivers/STM32G4xx_HAL_Driver/Src/stm32g4xx_hal_fdcan.c.obj
                0x08001384                HAL_FDCAN_IRQHandler
 .text.LL_SPI_Init
                0x080014e4       0x74 cmake/stm32cubemx/CMakeFiles/STM32_Drivers.dir/__/__/Drivers/STM32G4xx_HAL_Driver/Src/stm32g4xx_ll_spi.c.obj
                0x080014e4                LL_SPI_Init
 .text.LL_TIM_Init
                0x08001558       0xb0 cmake/stm32cubemx/CMakeFiles/STM32_Drivers.dir/__/__/Drivers/STM32G4xx_HAL_Driver/Src/stm32g4xx_ll_tim.c.obj
                0x08001558                LL_TIM_Init
 .text.SystemClock_Config
                0x08001608       0xdc CMakeFiles/MiniFOCer.dir/Core/Src/main.c.obj
                0x08001608                SystemClock_Config
 .text.resetGateDriver
                0x080016e4       0x18 CMakeFiles/MiniFOCer.dir/Core/Src/main.c.obj
                0x080016e4                resetGateDriver
 .text.disableGateDriver
                0x080016fc       0x18 CMakeFiles/MiniFOCer.dir/Core/Src/main.c.obj
                0x080016fc                disableGateDriver
 .text.writePwm
                0x08001714       0x58 CMakeFiles/MiniFOCer.dir/Core/Src/main.c.obj
                0x08001714                writePwm
 *fill*         0x0800176c        0x4 
 .text.startup.main
                0x08001770      0x460 CMakeFiles/MiniFOCer.dir/Core/Src/main.c.obj
                0x08001770                main
 .text.Error_Handler
                0x08001bd0        0x4 CMakeFiles/MiniFOCer.dir/Core/Src/main.c.obj
                0x08001bd0                Error_Handler
 .text.LL_AHB2_GRP1_EnableClock
                0x08001bd4       0x1c CMakeFiles/MiniFOCer.dir/Core/Src/gpio.c.obj
 .text.MX_GPIO_Init
                0x08001bf0       0xd4 CMakeFiles/MiniFOCer.dir/Core/Src/gpio.c.obj
                0x08001bf0                MX_GPIO_Init
 .text.LL_AHB2_GRP1_EnableClock
                0x08001cc4       0x1c CMakeFiles/MiniFOCer.dir/Core/Src/adc.c.obj
 .text.LL_ADC_SetGainCompensation.constprop.0
                0x08001ce0       0x16 CMakeFiles/MiniFOCer.dir/Core/Src/adc.c.obj
 *fill*         0x08001cf6        0x2 
 .text.MX_ADC1_Init
                0x08001cf8      0x1a4 CMakeFiles/MiniFOCer.dir/Core/Src/adc.c.obj
                0x08001cf8                MX_ADC1_Init
 .text.MX_ADC2_Init
                0x08001e9c      0x1a0 CMakeFiles/MiniFOCer.dir/Core/Src/adc.c.obj
                0x08001e9c                MX_ADC2_Init
 .text.MX_ADC3_Init
                0x0800203c      0x1f4 CMakeFiles/MiniFOCer.dir/Core/Src/adc.c.obj
                0x0800203c                MX_ADC3_Init
 .text.MX_ADC4_Init
                0x08002230      0x160 CMakeFiles/MiniFOCer.dir/Core/Src/adc.c.obj
                0x08002230                MX_ADC4_Init
 .text.LL_AHB1_GRP1_EnableClock
                0x08002390       0x1c CMakeFiles/MiniFOCer.dir/Core/Src/dma.c.obj
 .text.MX_DMA_Init
                0x080023ac       0x18 CMakeFiles/MiniFOCer.dir/Core/Src/dma.c.obj
                0x080023ac                MX_DMA_Init
 .text.MX_FDCAN1_Init
                0x080023c4       0x50 CMakeFiles/MiniFOCer.dir/Core/Src/fdcan.c.obj
                0x080023c4                MX_FDCAN1_Init
 .text.HAL_FDCAN_MspInit
                0x08002414       0x84 CMakeFiles/MiniFOCer.dir/Core/Src/fdcan.c.obj
                0x08002414                HAL_FDCAN_MspInit
 .text.LL_AHB2_GRP1_EnableClock
                0x08002498       0x1c CMakeFiles/MiniFOCer.dir/Core/Src/hrtim.c.obj
 .text.LL_HRTIM_OUT_SetChopperMode.constprop.0
                0x080024b4       0x40 CMakeFiles/MiniFOCer.dir/Core/Src/hrtim.c.obj
 .text.LL_HRTIM_OUT_SetFaultState.constprop.0
                0x080024f4       0x40 CMakeFiles/MiniFOCer.dir/Core/Src/hrtim.c.obj
 .text.LL_HRTIM_OUT_SetIdleLevel.constprop.0
                0x08002534       0x40 CMakeFiles/MiniFOCer.dir/Core/Src/hrtim.c.obj
 .text.LL_HRTIM_OUT_SetIdleMode.constprop.0
                0x08002574       0x40 CMakeFiles/MiniFOCer.dir/Core/Src/hrtim.c.obj
 .text.LL_HRTIM_OUT_SetPolarity.constprop.0
                0x080025b4       0x40 CMakeFiles/MiniFOCer.dir/Core/Src/hrtim.c.obj
 .text.LL_HRTIM_OUT_SetOutputResetSrc.constprop.0
                0x080025f4       0x2c CMakeFiles/MiniFOCer.dir/Core/Src/hrtim.c.obj
 .text.LL_HRTIM_OUT_SetOutputSetSrc.constprop.0
                0x08002620       0x2c CMakeFiles/MiniFOCer.dir/Core/Src/hrtim.c.obj
 .text.LL_HRTIM_TIM_SetCountingMode.constprop.0
                0x0800264c       0x34 CMakeFiles/MiniFOCer.dir/Core/Src/hrtim.c.obj
 .text.LL_HRTIM_TIM_SetComp3Mode.constprop.0
                0x08002680       0x34 CMakeFiles/MiniFOCer.dir/Core/Src/hrtim.c.obj
 .text.LL_HRTIM_TIM_SetComp1Mode.constprop.0
                0x080026b4       0x34 CMakeFiles/MiniFOCer.dir/Core/Src/hrtim.c.obj
 .text.LL_HRTIM_TIM_SetBurstModeOption.constprop.0
                0x080026e8       0x18 CMakeFiles/MiniFOCer.dir/Core/Src/hrtim.c.obj
 .text.LL_HRTIM_TIM_DisableDeadTime.constprop.0
                0x08002700       0x28 CMakeFiles/MiniFOCer.dir/Core/Src/hrtim.c.obj
 .text.LL_HRTIM_TIM_SetResetTrig.constprop.0
                0x08002728       0x24 CMakeFiles/MiniFOCer.dir/Core/Src/hrtim.c.obj
 .text.LL_HRTIM_TIM_SetCompare3.constprop.0
                0x0800274c       0x30 CMakeFiles/MiniFOCer.dir/Core/Src/hrtim.c.obj
 .text.LL_HRTIM_TIM_SetCompare1.constprop.0
                0x0800277c       0x30 CMakeFiles/MiniFOCer.dir/Core/Src/hrtim.c.obj
 .text.LL_HRTIM_TIM_SetRepetition.constprop.0
                0x080027ac       0x28 CMakeFiles/MiniFOCer.dir/Core/Src/hrtim.c.obj
 .text.LL_HRTIM_TIM_SetPeriod.constprop.0
                0x080027d4       0x30 CMakeFiles/MiniFOCer.dir/Core/Src/hrtim.c.obj
 .text.LL_HRTIM_TIM_DisablePushPullMode.constprop.0
                0x08002804       0x28 CMakeFiles/MiniFOCer.dir/Core/Src/hrtim.c.obj
 .text.LL_HRTIM_TIM_SetUpdateGating.constprop.0
                0x0800282c       0x34 CMakeFiles/MiniFOCer.dir/Core/Src/hrtim.c.obj
 .text.LL_HRTIM_TIM_SetUpdateTrig.constprop.0
                0x08002860       0x40 CMakeFiles/MiniFOCer.dir/Core/Src/hrtim.c.obj
 .text.LL_HRTIM_TIM_EnablePreload.constprop.0
                0x080028a0       0x28 CMakeFiles/MiniFOCer.dir/Core/Src/hrtim.c.obj
 .text.LL_HRTIM_TIM_SetDACTrig.constprop.0
                0x080028c8       0x28 CMakeFiles/MiniFOCer.dir/Core/Src/hrtim.c.obj
 .text.LL_HRTIM_TIM_DisableResetOnSync.constprop.0
                0x080028f0       0x28 CMakeFiles/MiniFOCer.dir/Core/Src/hrtim.c.obj
 .text.LL_HRTIM_TIM_DisableStartOnSync.constprop.0
                0x08002918       0x28 CMakeFiles/MiniFOCer.dir/Core/Src/hrtim.c.obj
 .text.LL_HRTIM_TIM_SetInterleavedMode.constprop.0
                0x08002940       0x34 CMakeFiles/MiniFOCer.dir/Core/Src/hrtim.c.obj
 .text.LL_HRTIM_TIM_DisableResyncUpdate.constprop.0
                0x08002974       0x28 CMakeFiles/MiniFOCer.dir/Core/Src/hrtim.c.obj
 .text.LL_HRTIM_TIM_DisableHalfMode.constprop.0
                0x0800299c       0x3c CMakeFiles/MiniFOCer.dir/Core/Src/hrtim.c.obj
 .text.LL_HRTIM_TIM_SetCounterMode.constprop.0
                0x080029d8       0x2c CMakeFiles/MiniFOCer.dir/Core/Src/hrtim.c.obj
 .text.LL_HRTIM_TIM_SetPrescaler.constprop.0
                0x08002a04       0x2c CMakeFiles/MiniFOCer.dir/Core/Src/hrtim.c.obj
 .text.MX_HRTIM1_Init
                0x08002a30      0x5f8 CMakeFiles/MiniFOCer.dir/Core/Src/hrtim.c.obj
                0x08002a30                MX_HRTIM1_Init
 .text.MX_SPI1_Init
                0x08003028       0xf0 CMakeFiles/MiniFOCer.dir/Core/Src/spi.c.obj
                0x08003028                MX_SPI1_Init
 .text.MX_SPI3_Init
                0x08003118       0xec CMakeFiles/MiniFOCer.dir/Core/Src/spi.c.obj
                0x08003118                MX_SPI3_Init
 .text.MX_TIM2_Init
                0x08003204       0x70 CMakeFiles/MiniFOCer.dir/Core/Src/tim.c.obj
                0x08003204                MX_TIM2_Init
 .text.NMI_Handler
                0x08003274        0x2 CMakeFiles/MiniFOCer.dir/Core/Src/stm32g4xx_it.c.obj
                0x08003274                NMI_Handler
 .text.HardFault_Handler
                0x08003276        0x2 CMakeFiles/MiniFOCer.dir/Core/Src/stm32g4xx_it.c.obj
                0x08003276                HardFault_Handler
 .text.MemManage_Handler
                0x08003278        0x2 CMakeFiles/MiniFOCer.dir/Core/Src/stm32g4xx_it.c.obj
                0x08003278                MemManage_Handler
 .text.BusFault_Handler
                0x0800327a        0x2 CMakeFiles/MiniFOCer.dir/Core/Src/stm32g4xx_it.c.obj
                0x0800327a                BusFault_Handler
 .text.UsageFault_Handler
                0x0800327c        0x2 CMakeFiles/MiniFOCer.dir/Core/Src/stm32g4xx_it.c.obj
                0x0800327c                UsageFault_Handler
 .text.SVC_Handler
                0x0800327e        0x2 CMakeFiles/MiniFOCer.dir/Core/Src/stm32g4xx_it.c.obj
                0x0800327e                SVC_Handler
 .text.DebugMon_Handler
                0x08003280        0x2 CMakeFiles/MiniFOCer.dir/Core/Src/stm32g4xx_it.c.obj
                0x08003280                DebugMon_Handler
 .text.PendSV_Handler
                0x08003282        0x2 CMakeFiles/MiniFOCer.dir/Core/Src/stm32g4xx_it.c.obj
                0x08003282                PendSV_Handler
 .text.SysTick_Handler
                0x08003284        0x4 CMakeFiles/MiniFOCer.dir/Core/Src/stm32g4xx_it.c.obj
                0x08003284                SysTick_Handler
 .text.FDCAN1_IT0_IRQHandler
                0x08003288        0xc CMakeFiles/MiniFOCer.dir/Core/Src/stm32g4xx_it.c.obj
                0x08003288                FDCAN1_IT0_IRQHandler
 .text.SPI1_IRQHandler
                0x08003294       0x18 CMakeFiles/MiniFOCer.dir/Core/Src/stm32g4xx_it.c.obj
                0x08003294                SPI1_IRQHandler
 .text.SPI3_IRQHandler
                0x080032ac        0x2 CMakeFiles/MiniFOCer.dir/Core/Src/stm32g4xx_it.c.obj
                0x080032ac                SPI3_IRQHandler
 *fill*         0x080032ae        0x2 
 .text.HRTIM1_TIMA_IRQHandler
                0x080032b0       0x34 CMakeFiles/MiniFOCer.dir/Core/Src/stm32g4xx_it.c.obj
                0x080032b0                HRTIM1_TIMA_IRQHandler
 .text.HAL_MspInit
                0x080032e4       0x48 CMakeFiles/MiniFOCer.dir/Core/Src/stm32g4xx_hal_msp.c.obj
                0x080032e4                HAL_MspInit
 .text._sbrk    0x0800332c       0x3c CMakeFiles/MiniFOCer.dir/Core/Src/sysmem.c.obj
                0x0800332c                _sbrk
 .text.Reset_Handler
                0x08003368       0x50 CMakeFiles/MiniFOCer.dir/startup_stm32g474xx.s.obj
                0x08003368                Reset_Handler
 .text.Default_Handler
                0x080033b8        0x2 CMakeFiles/MiniFOCer.dir/startup_stm32g474xx.s.obj
                0x080033b8                RTC_Alarm_IRQHandler
                0x080033b8                EXTI2_IRQHandler
                0x080033b8                TIM8_TRG_COM_IRQHandler
                0x080033b8                TIM8_CC_IRQHandler
                0x080033b8                HRTIM1_Master_IRQHandler
                0x080033b8                SPI4_IRQHandler
                0x080033b8                FDCAN3_IT0_IRQHandler
                0x080033b8                TIM1_CC_IRQHandler
                0x080033b8                HRTIM1_FLT_IRQHandler
                0x080033b8                HRTIM1_TIMF_IRQHandler
                0x080033b8                USB_HP_IRQHandler
                0x080033b8                CORDIC_IRQHandler
                0x080033b8                HRTIM1_TIMD_IRQHandler
                0x080033b8                DMA2_Channel8_IRQHandler
                0x080033b8                EXTI3_IRQHandler
                0x080033b8                I2C3_ER_IRQHandler
                0x080033b8                EXTI0_IRQHandler
                0x080033b8                I2C2_EV_IRQHandler
                0x080033b8                FPU_IRQHandler
                0x080033b8                FDCAN1_IT1_IRQHandler
                0x080033b8                TIM1_UP_TIM16_IRQHandler
                0x080033b8                ADC1_2_IRQHandler
                0x080033b8                HRTIM1_TIME_IRQHandler
                0x080033b8                TIM6_DAC_IRQHandler
                0x080033b8                HRTIM1_TIMC_IRQHandler
                0x080033b8                TIM8_UP_IRQHandler
                0x080033b8                DMA2_Channel2_IRQHandler
                0x080033b8                DMA1_Channel4_IRQHandler
                0x080033b8                TIM20_TRG_COM_IRQHandler
                0x080033b8                USART3_IRQHandler
                0x080033b8                DMA1_Channel7_IRQHandler
                0x080033b8                UART5_IRQHandler
                0x080033b8                ADC3_IRQHandler
                0x080033b8                TIM4_IRQHandler
                0x080033b8                DMA2_Channel1_IRQHandler
                0x080033b8                QUADSPI_IRQHandler
                0x080033b8                I2C1_EV_IRQHandler
                0x080033b8                DMA1_Channel6_IRQHandler
                0x080033b8                UART4_IRQHandler
                0x080033b8                DMA2_Channel4_IRQHandler
                0x080033b8                TIM3_IRQHandler
                0x080033b8                RCC_IRQHandler
                0x080033b8                TIM20_UP_IRQHandler
                0x080033b8                DMA1_Channel1_IRQHandler
                0x080033b8                Default_Handler
                0x080033b8                DMA2_Channel7_IRQHandler
                0x080033b8                RTC_TAMP_LSECSS_IRQHandler
                0x080033b8                FMAC_IRQHandler
                0x080033b8                EXTI15_10_IRQHandler
                0x080033b8                DMA1_Channel8_IRQHandler
                0x080033b8                TIM7_DAC_IRQHandler
                0x080033b8                FDCAN3_IT1_IRQHandler
                0x080033b8                TIM5_IRQHandler
                0x080033b8                UCPD1_IRQHandler
                0x080033b8                I2C3_EV_IRQHandler
                0x080033b8                EXTI9_5_IRQHandler
                0x080033b8                RTC_WKUP_IRQHandler
                0x080033b8                PVD_PVM_IRQHandler
                0x080033b8                SPI2_IRQHandler
                0x080033b8                ADC5_IRQHandler
                0x080033b8                DMA2_Channel5_IRQHandler
                0x080033b8                CRS_IRQHandler
                0x080033b8                DMA1_Channel5_IRQHandler
                0x080033b8                USB_LP_IRQHandler
                0x080033b8                EXTI4_IRQHandler
                0x080033b8                RNG_IRQHandler
                0x080033b8                HRTIM1_TIMB_IRQHandler
                0x080033b8                TIM1_TRG_COM_TIM17_IRQHandler
                0x080033b8                FDCAN2_IT1_IRQHandler
                0x080033b8                DMA1_Channel3_IRQHandler
                0x080033b8                ADC4_IRQHandler
                0x080033b8                WWDG_IRQHandler
                0x080033b8                I2C4_EV_IRQHandler
                0x080033b8                FDCAN2_IT0_IRQHandler
                0x080033b8                LPUART1_IRQHandler
                0x080033b8                DMA2_Channel6_IRQHandler
                0x080033b8                TIM2_IRQHandler
                0x080033b8                COMP7_IRQHandler
                0x080033b8                COMP1_2_3_IRQHandler
                0x080033b8                EXTI1_IRQHandler
                0x080033b8                USART2_IRQHandler
                0x080033b8                COMP4_5_6_IRQHandler
                0x080033b8                TIM20_BRK_IRQHandler
                0x080033b8                I2C2_ER_IRQHandler
                0x080033b8                DMA1_Channel2_IRQHandler
                0x080033b8                TIM8_BRK_IRQHandler
                0x080033b8                FLASH_IRQHandler
                0x080033b8                TIM20_CC_IRQHandler
                0x080033b8                USART1_IRQHandler
                0x080033b8                I2C1_ER_IRQHandler
                0x080033b8                FMC_IRQHandler
                0x080033b8                LPTIM1_IRQHandler
                0x080033b8                DMAMUX_OVR_IRQHandler
                0x080033b8                I2C4_ER_IRQHandler
                0x080033b8                USBWakeUp_IRQHandler
                0x080033b8                SAI1_IRQHandler
                0x080033b8                DMA2_Channel3_IRQHandler
                0x080033b8                TIM1_BRK_TIM15_IRQHandler
 *fill*         0x080033ba        0x2 
 .text.FOC_update
                0x080033bc      0x360 CMakeFiles/MiniFOCer.dir/Core/Src/FOC.c.obj
                0x080033bc                FOC_update
 .text.A1333_Init
                0x0800371c       0x1e CMakeFiles/MiniFOCer.dir/Core/Src/A1333.c.obj
                0x0800371c                A1333_Init
 *fill*         0x0800373a        0x2 
 .text.A1333_SPI_IRQHandler
                0x0800373c       0x74 CMakeFiles/MiniFOCer.dir/Core/Src/A1333.c.obj
                0x0800373c                A1333_SPI_IRQHandler
 .text.A1333_Update
                0x080037b0       0x20 CMakeFiles/MiniFOCer.dir/Core/Src/A1333.c.obj
                0x080037b0                A1333_Update
 .text.malloc   0x080037d0       0x10 C:/PROGRA~2/ARMGNU~1/142BCE~1.3RE/bin/../lib/gcc/arm-none-eabi/14.3.1/../../../../arm-none-eabi/lib/thumb/v7e-m+fp/hard\libg_nano.a(libc_a-malloc.o)
                0x080037d0                malloc
 .text.__errno  0x080037e0        0xc C:/PROGRA~2/ARMGNU~1/142BCE~1.3RE/bin/../lib/gcc/arm-none-eabi/14.3.1/../../../../arm-none-eabi/lib/thumb/v7e-m+fp/hard\libg_nano.a(libc_a-errno.o)
                0x080037e0                __errno
 .text.cosf     0x080037ec       0x70 C:/PROGRA~2/ARMGNU~1/142BCE~1.3RE/bin/../lib/gcc/arm-none-eabi/14.3.1/../../../../arm-none-eabi/lib/thumb/v7e-m+fp/hard\libm.a(libm_a-sf_cos.o)
                0x080037ec                cosf
 .text.sinf     0x0800385c       0x74 C:/PROGRA~2/ARMGNU~1/142BCE~1.3RE/bin/../lib/gcc/arm-none-eabi/14.3.1/../../../../arm-none-eabi/lib/thumb/v7e-m+fp/hard\libm.a(libm_a-sf_sin.o)
                0x0800385c                sinf
 .text.__kernel_cosf
                0x080038d0      0x104 C:/PROGRA~2/ARMGNU~1/142BCE~1.3RE/bin/../lib/gcc/arm-none-eabi/14.3.1/../../../../arm-none-eabi/lib/thumb/v7e-m+fp/hard\libm.a(libm_a-kf_cos.o)
                0x080038d0                __kernel_cosf
 .text.__kernel_sinf
                0x080039d4       0x90 C:/PROGRA~2/ARMGNU~1/142BCE~1.3RE/bin/../lib/gcc/arm-none-eabi/14.3.1/../../../../arm-none-eabi/lib/thumb/v7e-m+fp/hard\libm.a(libm_a-kf_sin.o)
                0x080039d4                __kernel_sinf
 .text.__ieee754_rem_pio2f
                0x08003a64      0x26c C:/PROGRA~2/ARMGNU~1/142BCE~1.3RE/bin/../lib/gcc/arm-none-eabi/14.3.1/../../../../arm-none-eabi/lib/thumb/v7e-m+fp/hard\libm.a(libm_a-ef_rem_pio2.o)
                0x08003a64                __ieee754_rem_pio2f
 .text.fabsf    0x08003cd0       0x10 C:/PROGRA~2/ARMGNU~1/142BCE~1.3RE/bin/../lib/gcc/arm-none-eabi/14.3.1/../../../../arm-none-eabi/lib/thumb/v7e-m+fp/hard\libm.a(libm_a-sf_fabs.o)
                0x08003cd0                fabsf
 .text.__kernel_rem_pio2f
                0x08003ce0      0x68c C:/PROGRA~2/ARMGNU~1/142BCE~1.3RE/bin/../lib/gcc/arm-none-eabi/14.3.1/../../../../arm-none-eabi/lib/thumb/v7e-m+fp/hard\libm.a(libm_a-kf_rem_pio2.o)
                0x08003ce0                __kernel_rem_pio2f
 .text.scalbnf  0x0800436c       0xdc C:/PROGRA~2/ARMGNU~1/142BCE~1.3RE/bin/../lib/gcc/arm-none-eabi/14.3.1/../../../../arm-none-eabi/lib/thumb/v7e-m+fp/hard\libm.a(libm_a-sf_scalbn.o)
                0x0800436c                scalbnf
 .text.floorf   0x08004448       0x94 C:/PROGRA~2/ARMGNU~1/142BCE~1.3RE/bin/../lib/gcc/arm-none-eabi/14.3.1/../../../../arm-none-eabi/lib/thumb/v7e-m+fp/hard\libm.a(libm_a-sf_floor.o)
                0x08004448                floorf
 *(.glue_7)
 .glue_7        0x080044dc        0x0 linker stubs
 *(.glue_7t)
 .glue_7t       0x080044dc        0x0 linker stubs
 *(.eh_frame)
 .eh_frame      0x080044dc        0x0 C:/PROGRA~2/ARMGNU~1/142BCE~1.3RE/bin/../lib/gcc/arm-none-eabi/14.3.1/thumb/v7e-m+fp/hard/crtbegin.o
 *(.init)
 .init          0x080044dc        0x4 C:/PROGRA~2/ARMGNU~1/142BCE~1.3RE/bin/../lib/gcc/arm-none-eabi/14.3.1/thumb/v7e-m+fp/hard/crti.o
                0x080044dc                _init
 .init          0x080044e0        0x8 C:/PROGRA~2/ARMGNU~1/142BCE~1.3RE/bin/../lib/gcc/arm-none-eabi/14.3.1/thumb/v7e-m+fp/hard/crtn.o
 *(.fini)
 .fini          0x080044e8        0x4 C:/PROGRA~2/ARMGNU~1/142BCE~1.3RE/bin/../lib/gcc/arm-none-eabi/14.3.1/thumb/v7e-m+fp/hard/crti.o
                0x080044e8                _fini
 .fini          0x080044ec        0x8 C:/PROGRA~2/ARMGNU~1/142BCE~1.3RE/bin/../lib/gcc/arm-none-eabi/14.3.1/thumb/v7e-m+fp/hard/crtn.o
                0x080044f4                        . = ALIGN (0x4)
                0x080044f4                        _etext = .

.vfp11_veneer   0x080044f4        0x0
 .vfp11_veneer  0x080044f4        0x0 linker stubs

.v4_bx          0x080044f4        0x0
 .v4_bx         0x080044f4        0x0 linker stubs

.iplt           0x080044f4        0x0
 .iplt          0x080044f4        0x0 C:/PROGRA~2/ARMGNU~1/142BCE~1.3RE/bin/../lib/gcc/arm-none-eabi/14.3.1/thumb/v7e-m+fp/hard/crtbegin.o

.rodata         0x080044f4      0x4a0
                0x080044f4                        . = ALIGN (0x4)
 *(.rodata)
 *(.rodata*)
 .rodata.REG_OFFSET_TAB_TIMER
                0x080044f4        0xe CMakeFiles/MiniFOCer.dir/Core/Src/main.c.obj
 *fill*         0x08004502        0x2 
 .rodata.REG_MASK_TAB_INTLVD
                0x08004504       0x1c CMakeFiles/MiniFOCer.dir/Core/Src/hrtim.c.obj
 .rodata.REG_SHIFT_TAB_INTLVD
                0x08004520        0x7 CMakeFiles/MiniFOCer.dir/Core/Src/hrtim.c.obj
 .rodata.REG_SHIFT_TAB_OUTxR
                0x08004527        0xc CMakeFiles/MiniFOCer.dir/Core/Src/hrtim.c.obj
 *fill*         0x08004533        0x1 
 .rodata.REG_MASK_TAB_UPDATEGATING
                0x08004534       0x1c CMakeFiles/MiniFOCer.dir/Core/Src/hrtim.c.obj
 .rodata.REG_SHIFT_TAB_UPDATETRIG
                0x08004550        0x7 CMakeFiles/MiniFOCer.dir/Core/Src/hrtim.c.obj
 *fill*         0x08004557        0x1 
 .rodata.REG_MASK_TAB_UPDATETRIG
                0x08004558       0x20 CMakeFiles/MiniFOCer.dir/Core/Src/hrtim.c.obj
 .rodata.REG_OFFSET_TAB_OUTxR
                0x08004578       0x18 CMakeFiles/MiniFOCer.dir/Core/Src/hrtim.c.obj
 .rodata.REG_OFFSET_TAB_SETxR
                0x08004590       0x18 CMakeFiles/MiniFOCer.dir/Core/Src/hrtim.c.obj
 .rodata.REG_OFFSET_TAB_TIMER
                0x080045a8        0xe CMakeFiles/MiniFOCer.dir/Core/Src/hrtim.c.obj
 .rodata.REG_OFFSET_TAB_TIMER
                0x080045b6        0xe CMakeFiles/MiniFOCer.dir/Core/Src/stm32g4xx_it.c.obj
 .rodata.npio2_hw
                0x080045c4       0x80 C:/PROGRA~2/ARMGNU~1/142BCE~1.3RE/bin/../lib/gcc/arm-none-eabi/14.3.1/../../../../arm-none-eabi/lib/thumb/v7e-m+fp/hard\libm.a(libm_a-ef_rem_pio2.o)
 .rodata.two_over_pi
                0x08004644      0x318 C:/PROGRA~2/ARMGNU~1/142BCE~1.3RE/bin/../lib/gcc/arm-none-eabi/14.3.1/../../../../arm-none-eabi/lib/thumb/v7e-m+fp/hard\libm.a(libm_a-ef_rem_pio2.o)
 .rodata.PIo2   0x0800495c       0x2c C:/PROGRA~2/ARMGNU~1/142BCE~1.3RE/bin/../lib/gcc/arm-none-eabi/14.3.1/../../../../arm-none-eabi/lib/thumb/v7e-m+fp/hard\libm.a(libm_a-kf_rem_pio2.o)
 .rodata.init_jk
                0x08004988        0xc C:/PROGRA~2/ARMGNU~1/142BCE~1.3RE/bin/../lib/gcc/arm-none-eabi/14.3.1/../../../../arm-none-eabi/lib/thumb/v7e-m+fp/hard\libm.a(libm_a-kf_rem_pio2.o)
                0x08004994                        . = ALIGN (0x4)

.ARM.extab      0x08004994        0x0
                0x08004994                        . = ALIGN (0x4)
 *(.ARM.extab* .gnu.linkonce.armextab.*)
                0x08004994                        . = ALIGN (0x4)

.ARM            0x08004994        0x0
                0x08004994                        . = ALIGN (0x4)
                0x08004994                        __exidx_start = .
 *(.ARM.exidx*)
                0x08004994                        __exidx_end = .
                0x08004994                        . = ALIGN (0x4)

.preinit_array  0x08004994        0x0
                0x08004994                        . = ALIGN (0x4)
                0x08004994                        PROVIDE (__preinit_array_start = .)
 *(.preinit_array*)
                0x08004994                        PROVIDE (__preinit_array_end = .)
                0x08004994                        . = ALIGN (0x4)

.init_array     0x08004994        0x4
                0x08004994                        . = ALIGN (0x4)
                0x08004994                        PROVIDE (__init_array_start = .)
 *(SORT_BY_NAME(.init_array.*))
 *(.init_array*)
 .init_array    0x08004994        0x4 C:/PROGRA~2/ARMGNU~1/142BCE~1.3RE/bin/../lib/gcc/arm-none-eabi/14.3.1/thumb/v7e-m+fp/hard/crtbegin.o
                0x08004998                        PROVIDE (__init_array_end = .)
                0x08004998                        . = ALIGN (0x4)

.fini_array     0x08004998        0x4
                0x08004998                        . = ALIGN (0x4)
                [!provide]                        PROVIDE (__fini_array_start = .)
 *(SORT_BY_NAME(.fini_array.*))
 *(.fini_array*)
 .fini_array    0x08004998        0x4 C:/PROGRA~2/ARMGNU~1/142BCE~1.3RE/bin/../lib/gcc/arm-none-eabi/14.3.1/thumb/v7e-m+fp/hard/crtbegin.o
                [!provide]                        PROVIDE (__fini_array_end = .)
                0x0800499c                        . = ALIGN (0x4)
                0x0800499c                        _sidata = LOADADDR (.data)

.rel.dyn        0x0800499c        0x0
 .rel.iplt      0x0800499c        0x0 C:/PROGRA~2/ARMGNU~1/142BCE~1.3RE/bin/../lib/gcc/arm-none-eabi/14.3.1/thumb/v7e-m+fp/hard/crtbegin.o

.data           0x20000000       0x84 load address 0x0800499c
                0x20000000                        . = ALIGN (0x4)
                0x20000000                        _sdata = .
 *(.data)
 *(.data*)
 .data._impure_ptr
                0x20000000        0x4 C:/PROGRA~2/ARMGNU~1/142BCE~1.3RE/bin/../lib/gcc/arm-none-eabi/14.3.1/../../../../arm-none-eabi/lib/thumb/v7e-m+fp/hard\libc_nano.a(libc_a-impure.o)
                0x20000000                _impure_ptr
 .data._impure_data
                0x20000004       0x4c C:/PROGRA~2/ARMGNU~1/142BCE~1.3RE/bin/../lib/gcc/arm-none-eabi/14.3.1/../../../../arm-none-eabi/lib/thumb/v7e-m+fp/hard\libc_nano.a(libc_a-impure.o)
                0x20000004                _impure_data
 .data.SystemCoreClock
                0x20000050        0x4 cmake/stm32cubemx/CMakeFiles/STM32_Drivers.dir/__/__/Core/Src/system_stm32g4xx.c.obj
                0x20000050                SystemCoreClock
 .data.uwTickFreq
                0x20000054        0x4 cmake/stm32cubemx/CMakeFiles/STM32_Drivers.dir/__/__/Drivers/STM32G4xx_HAL_Driver/Src/stm32g4xx_hal.c.obj
                0x20000054                uwTickFreq
 .data.uwTickPrio
                0x20000058        0x4 cmake/stm32cubemx/CMakeFiles/STM32_Drivers.dir/__/__/Drivers/STM32G4xx_HAL_Driver/Src/stm32g4xx_hal.c.obj
                0x20000058                uwTickPrio
 .data.dt_i     0x2000005c        0x4 CMakeFiles/MiniFOCer.dir/Core/Src/main.c.obj
                0x2000005c                dt_i
 .data.dt_f     0x20000060        0x4 CMakeFiles/MiniFOCer.dir/Core/Src/main.c.obj
                0x20000060                dt_f
 .data.encoder_1
                0x20000064       0x20 CMakeFiles/MiniFOCer.dir/Core/Src/main.c.obj
                0x20000064                encoder_1
 *(.RamFunc)
 *(.RamFunc*)
                0x20000084                        . = ALIGN (0x4)
                0x20000084                        _edata = .

.tm_clone_table
                0x20000084        0x0 load address 0x08004a20
 .tm_clone_table
                0x20000084        0x0 C:/PROGRA~2/ARMGNU~1/142BCE~1.3RE/bin/../lib/gcc/arm-none-eabi/14.3.1/thumb/v7e-m+fp/hard/crtbegin.o
 .tm_clone_table
                0x20000084        0x0 C:/PROGRA~2/ARMGNU~1/142BCE~1.3RE/bin/../lib/gcc/arm-none-eabi/14.3.1/thumb/v7e-m+fp/hard/crtend.o

.igot.plt       0x20000084        0x0 load address 0x08004a20
 .igot.plt      0x20000084        0x0 C:/PROGRA~2/ARMGNU~1/142BCE~1.3RE/bin/../lib/gcc/arm-none-eabi/14.3.1/thumb/v7e-m+fp/hard/crtbegin.o
                0x20000084                        . = ALIGN (0x4)

.bss            0x20000084      0x290 load address 0x08004a20
                0x20000084                        _sbss = .
                0x20000084                        __bss_start__ = _sbss
 *(.bss)
 *(.bss*)
 .bss.completed.1
                0x20000084        0x1 C:/PROGRA~2/ARMGNU~1/142BCE~1.3RE/bin/../lib/gcc/arm-none-eabi/14.3.1/thumb/v7e-m+fp/hard/crtbegin.o
 *fill*         0x20000085        0x3 
 .bss.object.0  0x20000088       0x18 C:/PROGRA~2/ARMGNU~1/142BCE~1.3RE/bin/../lib/gcc/arm-none-eabi/14.3.1/thumb/v7e-m+fp/hard/crtbegin.o
 .bss.__sf      0x200000a0      0x138 C:/PROGRA~2/ARMGNU~1/142BCE~1.3RE/bin/../lib/gcc/arm-none-eabi/14.3.1/../../../../arm-none-eabi/lib/thumb/v7e-m+fp/hard\libc_nano.a(libc_a-findfp.o)
                0x200000a0                __sf
 .bss.errno     0x200001d8        0x4 C:/PROGRA~2/ARMGNU~1/142BCE~1.3RE/bin/../lib/gcc/arm-none-eabi/14.3.1/../../../../arm-none-eabi/lib/thumb/v7e-m+fp/hard\libc_nano.a(libc_a-reent.o)
                0x200001d8                errno
 .bss.__lock___malloc_recursive_mutex
                0x200001dc        0x1 C:/PROGRA~2/ARMGNU~1/142BCE~1.3RE/bin/../lib/gcc/arm-none-eabi/14.3.1/../../../../arm-none-eabi/lib/thumb/v7e-m+fp/hard\libc_nano.a(libc_a-lock.o)
                0x200001dc                __lock___malloc_recursive_mutex
 *fill*         0x200001dd        0x3 
 .bss.__malloc_sbrk_start
                0x200001e0        0x4 C:/PROGRA~2/ARMGNU~1/142BCE~1.3RE/bin/../lib/gcc/arm-none-eabi/14.3.1/../../../../arm-none-eabi/lib/thumb/v7e-m+fp/hard\libc_nano.a(libc_a-mallocr.o)
                0x200001e0                __malloc_sbrk_start
 .bss.__malloc_free_list
                0x200001e4        0x4 C:/PROGRA~2/ARMGNU~1/142BCE~1.3RE/bin/../lib/gcc/arm-none-eabi/14.3.1/../../../../arm-none-eabi/lib/thumb/v7e-m+fp/hard\libc_nano.a(libc_a-mallocr.o)
                0x200001e4                __malloc_free_list
 .bss.uwTick    0x200001e8        0x4 cmake/stm32cubemx/CMakeFiles/STM32_Drivers.dir/__/__/Drivers/STM32G4xx_HAL_Driver/Src/stm32g4xx_hal.c.obj
                0x200001e8                uwTick
 .bss.lastMicros
                0x200001ec        0x4 CMakeFiles/MiniFOCer.dir/Core/Src/main.c.obj
                0x200001ec                lastMicros
 .bss.micros    0x200001f0        0x4 CMakeFiles/MiniFOCer.dir/Core/Src/main.c.obj
                0x200001f0                micros
 .bss.adc_os    0x200001f4        0x8 CMakeFiles/MiniFOCer.dir/Core/Src/main.c.obj
                0x200001f4                adc_os
 .bss.adc_data  0x200001fc       0x80 CMakeFiles/MiniFOCer.dir/Core/Src/main.c.obj
                0x200001fc                adc_data
 .bss.Encoder_os
                0x2000027c        0x4 CMakeFiles/MiniFOCer.dir/Core/Src/main.c.obj
                0x2000027c                Encoder_os
 .bss.SPI_Wait  0x20000280        0x1 CMakeFiles/MiniFOCer.dir/Core/Src/main.c.obj
                0x20000280                SPI_Wait
 *fill*         0x20000281        0x3 
 .bss.FOC       0x20000284        0x4 CMakeFiles/MiniFOCer.dir/Core/Src/main.c.obj
                0x20000284                FOC
 .bss.TxHeader  0x20000288       0x24 CMakeFiles/MiniFOCer.dir/Core/Src/main.c.obj
                0x20000288                TxHeader
 .bss.hfdcan1   0x200002ac       0x64 CMakeFiles/MiniFOCer.dir/Core/Src/fdcan.c.obj
                0x200002ac                hfdcan1
 .bss.__sbrk_heap_end
                0x20000310        0x4 CMakeFiles/MiniFOCer.dir/Core/Src/sysmem.c.obj
 *(COMMON)
                0x20000314                        . = ALIGN (0x4)
                0x20000314                        _ebss = .
                0x20000314                        __bss_end__ = _ebss

._user_heap_stack
                0x20000314      0x604 load address 0x08004a20
                0x20000318                        . = ALIGN (0x8)
 *fill*         0x20000314        0x4 
                [!provide]                        PROVIDE (end = .)
                0x20000318                        PROVIDE (_end = .)
                0x20000518                        . = (. + _Min_Heap_Size)
 *fill*         0x20000318      0x200 
                0x20000918                        . = (. + _Min_Stack_Size)
 *fill*         0x20000518      0x400 
                0x20000918                        . = ALIGN (0x8)

/DISCARD/
 libc.a(*)
 libm.a(*)
 libgcc.a(*)
OUTPUT(MiniFOCer.elf elf32-littlearm)
LOAD linker stubs
LOAD C:/PROGRA~2/ARMGNU~1/142BCE~1.3RE/bin/../lib/gcc/arm-none-eabi/14.3.1/../../../../arm-none-eabi/lib/thumb/v7e-m+fp/hard\libc.a
LOAD C:/PROGRA~2/ARMGNU~1/142BCE~1.3RE/bin/../lib/gcc/arm-none-eabi/14.3.1/../../../../arm-none-eabi/lib/thumb/v7e-m+fp/hard\libm.a
LOAD C:/PROGRA~2/ARMGNU~1/142BCE~1.3RE/bin/../lib/gcc/arm-none-eabi/14.3.1/thumb/v7e-m+fp/hard\libgcc.a

.ARM.attributes
                0x00000000       0x30
 .ARM.attributes
                0x00000000       0x22 C:/PROGRA~2/ARMGNU~1/142BCE~1.3RE/bin/../lib/gcc/arm-none-eabi/14.3.1/thumb/v7e-m+fp/hard/crti.o
 .ARM.attributes
                0x00000022       0x34 C:/PROGRA~2/ARMGNU~1/142BCE~1.3RE/bin/../lib/gcc/arm-none-eabi/14.3.1/thumb/v7e-m+fp/hard/crtbegin.o
 .ARM.attributes
                0x00000056       0x34 C:/PROGRA~2/ARMGNU~1/142BCE~1.3RE/bin/../lib/gcc/arm-none-eabi/14.3.1/../../../../arm-none-eabi/lib/thumb/v7e-m+fp/hard\libc_nano.a(libc_a-findfp.o)
 .ARM.attributes
                0x0000008a       0x34 C:/PROGRA~2/ARMGNU~1/142BCE~1.3RE/bin/../lib/gcc/arm-none-eabi/14.3.1/../../../../arm-none-eabi/lib/thumb/v7e-m+fp/hard\libc_nano.a(libc_a-memset.o)
 .ARM.attributes
                0x000000be       0x34 C:/PROGRA~2/ARMGNU~1/142BCE~1.3RE/bin/../lib/gcc/arm-none-eabi/14.3.1/../../../../arm-none-eabi/lib/thumb/v7e-m+fp/hard\libc_nano.a(libc_a-reent.o)
 .ARM.attributes
                0x000000f2       0x34 C:/PROGRA~2/ARMGNU~1/142BCE~1.3RE/bin/../lib/gcc/arm-none-eabi/14.3.1/../../../../arm-none-eabi/lib/thumb/v7e-m+fp/hard\libc_nano.a(libc_a-impure.o)
 .ARM.attributes
                0x00000126       0x34 C:/PROGRA~2/ARMGNU~1/142BCE~1.3RE/bin/../lib/gcc/arm-none-eabi/14.3.1/../../../../arm-none-eabi/lib/thumb/v7e-m+fp/hard\libc_nano.a(libc_a-init.o)
 .ARM.attributes
                0x0000015a       0x34 C:/PROGRA~2/ARMGNU~1/142BCE~1.3RE/bin/../lib/gcc/arm-none-eabi/14.3.1/../../../../arm-none-eabi/lib/thumb/v7e-m+fp/hard\libc_nano.a(libc_a-lock.o)
 .ARM.attributes
                0x0000018e       0x34 C:/PROGRA~2/ARMGNU~1/142BCE~1.3RE/bin/../lib/gcc/arm-none-eabi/14.3.1/../../../../arm-none-eabi/lib/thumb/v7e-m+fp/hard\libc_nano.a(libc_a-mallocr.o)
 .ARM.attributes
                0x000001c2       0x34 C:/PROGRA~2/ARMGNU~1/142BCE~1.3RE/bin/../lib/gcc/arm-none-eabi/14.3.1/../../../../arm-none-eabi/lib/thumb/v7e-m+fp/hard\libc_nano.a(libc_a-mlock.o)
 .ARM.attributes
                0x000001f6       0x34 C:/PROGRA~2/ARMGNU~1/142BCE~1.3RE/bin/../lib/gcc/arm-none-eabi/14.3.1/../../../../arm-none-eabi/lib/thumb/v7e-m+fp/hard\libc_nano.a(libc_a-sbrkr.o)
 .ARM.attributes
                0x0000022a       0x34 cmake/stm32cubemx/CMakeFiles/STM32_Drivers.dir/__/__/Core/Src/system_stm32g4xx.c.obj
 .ARM.attributes
                0x0000025e       0x34 cmake/stm32cubemx/CMakeFiles/STM32_Drivers.dir/__/__/Drivers/STM32G4xx_HAL_Driver/Src/stm32g4xx_ll_utils.c.obj
 .ARM.attributes
                0x00000292       0x34 cmake/stm32cubemx/CMakeFiles/STM32_Drivers.dir/__/__/Drivers/STM32G4xx_HAL_Driver/Src/stm32g4xx_ll_gpio.c.obj
 .ARM.attributes
                0x000002c6       0x34 cmake/stm32cubemx/CMakeFiles/STM32_Drivers.dir/__/__/Drivers/STM32G4xx_HAL_Driver/Src/stm32g4xx_ll_adc.c.obj
 .ARM.attributes
                0x000002fa       0x34 cmake/stm32cubemx/CMakeFiles/STM32_Drivers.dir/__/__/Drivers/STM32G4xx_HAL_Driver/Src/stm32g4xx_hal.c.obj
 .ARM.attributes
                0x0000032e       0x34 cmake/stm32cubemx/CMakeFiles/STM32_Drivers.dir/__/__/Drivers/STM32G4xx_HAL_Driver/Src/stm32g4xx_hal_gpio.c.obj
 .ARM.attributes
                0x00000362       0x34 cmake/stm32cubemx/CMakeFiles/STM32_Drivers.dir/__/__/Drivers/STM32G4xx_HAL_Driver/Src/stm32g4xx_hal_pwr_ex.c.obj
 .ARM.attributes
                0x00000396       0x34 cmake/stm32cubemx/CMakeFiles/STM32_Drivers.dir/__/__/Drivers/STM32G4xx_HAL_Driver/Src/stm32g4xx_hal_cortex.c.obj
 .ARM.attributes
                0x000003ca       0x34 cmake/stm32cubemx/CMakeFiles/STM32_Drivers.dir/__/__/Drivers/STM32G4xx_HAL_Driver/Src/stm32g4xx_hal_fdcan.c.obj
 .ARM.attributes
                0x000003fe       0x34 cmake/stm32cubemx/CMakeFiles/STM32_Drivers.dir/__/__/Drivers/STM32G4xx_HAL_Driver/Src/stm32g4xx_ll_spi.c.obj
 .ARM.attributes
                0x00000432       0x34 cmake/stm32cubemx/CMakeFiles/STM32_Drivers.dir/__/__/Drivers/STM32G4xx_HAL_Driver/Src/stm32g4xx_ll_tim.c.obj
 .ARM.attributes
                0x00000466       0x34 CMakeFiles/MiniFOCer.dir/Core/Src/main.c.obj
 .ARM.attributes
                0x0000049a       0x34 CMakeFiles/MiniFOCer.dir/Core/Src/gpio.c.obj
 .ARM.attributes
                0x000004ce       0x34 CMakeFiles/MiniFOCer.dir/Core/Src/adc.c.obj
 .ARM.attributes
                0x00000502       0x34 CMakeFiles/MiniFOCer.dir/Core/Src/dma.c.obj
 .ARM.attributes
                0x00000536       0x34 CMakeFiles/MiniFOCer.dir/Core/Src/fdcan.c.obj
 .ARM.attributes
                0x0000056a       0x34 CMakeFiles/MiniFOCer.dir/Core/Src/hrtim.c.obj
 .ARM.attributes
                0x0000059e       0x34 CMakeFiles/MiniFOCer.dir/Core/Src/spi.c.obj
 .ARM.attributes
                0x000005d2       0x34 CMakeFiles/MiniFOCer.dir/Core/Src/tim.c.obj
 .ARM.attributes
                0x00000606       0x34 CMakeFiles/MiniFOCer.dir/Core/Src/stm32g4xx_it.c.obj
 .ARM.attributes
                0x0000063a       0x34 CMakeFiles/MiniFOCer.dir/Core/Src/stm32g4xx_hal_msp.c.obj
 .ARM.attributes
                0x0000066e       0x34 CMakeFiles/MiniFOCer.dir/Core/Src/sysmem.c.obj
 .ARM.attributes
                0x000006a2       0x21 CMakeFiles/MiniFOCer.dir/startup_stm32g474xx.s.obj
 .ARM.attributes
                0x000006c3       0x34 CMakeFiles/MiniFOCer.dir/Core/Src/FOC.c.obj
 .ARM.attributes
                0x000006f7       0x34 CMakeFiles/MiniFOCer.dir/Core/Src/A1333.c.obj
 .ARM.attributes
                0x0000072b       0x22 C:/PROGRA~2/ARMGNU~1/142BCE~1.3RE/bin/../lib/gcc/arm-none-eabi/14.3.1/thumb/v7e-m+fp/hard\libgcc.a(_arm_muldf3.o)
 .ARM.attributes
                0x0000074d       0x22 C:/PROGRA~2/ARMGNU~1/142BCE~1.3RE/bin/../lib/gcc/arm-none-eabi/14.3.1/thumb/v7e-m+fp/hard\libgcc.a(_arm_addsubdf3.o)
 .ARM.attributes
                0x0000076f       0x22 C:/PROGRA~2/ARMGNU~1/142BCE~1.3RE/bin/../lib/gcc/arm-none-eabi/14.3.1/thumb/v7e-m+fp/hard\libgcc.a(_arm_truncdfsf2.o)
 .ARM.attributes
                0x00000791       0x34 C:/PROGRA~2/ARMGNU~1/142BCE~1.3RE/bin/../lib/gcc/arm-none-eabi/14.3.1/../../../../arm-none-eabi/lib/thumb/v7e-m+fp/hard\libg_nano.a(libc_a-malloc.o)
 .ARM.attributes
                0x000007c5       0x34 C:/PROGRA~2/ARMGNU~1/142BCE~1.3RE/bin/../lib/gcc/arm-none-eabi/14.3.1/../../../../arm-none-eabi/lib/thumb/v7e-m+fp/hard\libg_nano.a(libc_a-errno.o)
 .ARM.attributes
                0x000007f9       0x34 C:/PROGRA~2/ARMGNU~1/142BCE~1.3RE/bin/../lib/gcc/arm-none-eabi/14.3.1/thumb/v7e-m+fp/hard/crtend.o
 .ARM.attributes
                0x0000082d       0x22 C:/PROGRA~2/ARMGNU~1/142BCE~1.3RE/bin/../lib/gcc/arm-none-eabi/14.3.1/thumb/v7e-m+fp/hard/crtn.o

.comment        0x00000000       0x46
 .comment       0x00000000       0x46 cmake/stm32cubemx/CMakeFiles/STM32_Drivers.dir/__/__/Core/Src/system_stm32g4xx.c.obj
                                 0x47 (size before relaxing)
 .comment       0x00000046       0x47 cmake/stm32cubemx/CMakeFiles/STM32_Drivers.dir/__/__/Drivers/STM32G4xx_HAL_Driver/Src/stm32g4xx_ll_utils.c.obj
 .comment       0x00000046       0x47 cmake/stm32cubemx/CMakeFiles/STM32_Drivers.dir/__/__/Drivers/STM32G4xx_HAL_Driver/Src/stm32g4xx_ll_gpio.c.obj
 .comment       0x00000046       0x47 cmake/stm32cubemx/CMakeFiles/STM32_Drivers.dir/__/__/Drivers/STM32G4xx_HAL_Driver/Src/stm32g4xx_ll_adc.c.obj
 .comment       0x00000046       0x47 cmake/stm32cubemx/CMakeFiles/STM32_Drivers.dir/__/__/Drivers/STM32G4xx_HAL_Driver/Src/stm32g4xx_hal.c.obj
 .comment       0x00000046       0x47 cmake/stm32cubemx/CMakeFiles/STM32_Drivers.dir/__/__/Drivers/STM32G4xx_HAL_Driver/Src/stm32g4xx_hal_gpio.c.obj
 .comment       0x00000046       0x47 cmake/stm32cubemx/CMakeFiles/STM32_Drivers.dir/__/__/Drivers/STM32G4xx_HAL_Driver/Src/stm32g4xx_hal_pwr_ex.c.obj
 .comment       0x00000046       0x47 cmake/stm32cubemx/CMakeFiles/STM32_Drivers.dir/__/__/Drivers/STM32G4xx_HAL_Driver/Src/stm32g4xx_hal_cortex.c.obj
 .comment       0x00000046       0x47 cmake/stm32cubemx/CMakeFiles/STM32_Drivers.dir/__/__/Drivers/STM32G4xx_HAL_Driver/Src/stm32g4xx_hal_fdcan.c.obj
 .comment       0x00000046       0x47 cmake/stm32cubemx/CMakeFiles/STM32_Drivers.dir/__/__/Drivers/STM32G4xx_HAL_Driver/Src/stm32g4xx_ll_spi.c.obj
 .comment       0x00000046       0x47 cmake/stm32cubemx/CMakeFiles/STM32_Drivers.dir/__/__/Drivers/STM32G4xx_HAL_Driver/Src/stm32g4xx_ll_tim.c.obj
 .comment       0x00000046       0x47 CMakeFiles/MiniFOCer.dir/Core/Src/main.c.obj
 .comment       0x00000046       0x47 CMakeFiles/MiniFOCer.dir/Core/Src/gpio.c.obj
 .comment       0x00000046       0x47 CMakeFiles/MiniFOCer.dir/Core/Src/adc.c.obj
 .comment       0x00000046       0x47 CMakeFiles/MiniFOCer.dir/Core/Src/dma.c.obj
 .comment       0x00000046       0x47 CMakeFiles/MiniFOCer.dir/Core/Src/fdcan.c.obj
 .comment       0x00000046       0x47 CMakeFiles/MiniFOCer.dir/Core/Src/hrtim.c.obj
 .comment       0x00000046       0x47 CMakeFiles/MiniFOCer.dir/Core/Src/spi.c.obj
 .comment       0x00000046       0x47 CMakeFiles/MiniFOCer.dir/Core/Src/tim.c.obj
 .comment       0x00000046       0x47 CMakeFiles/MiniFOCer.dir/Core/Src/stm32g4xx_it.c.obj
 .comment       0x00000046       0x47 CMakeFiles/MiniFOCer.dir/Core/Src/stm32g4xx_hal_msp.c.obj
 .comment       0x00000046       0x47 CMakeFiles/MiniFOCer.dir/Core/Src/sysmem.c.obj
 .comment       0x00000046       0x47 CMakeFiles/MiniFOCer.dir/Core/Src/FOC.c.obj
 .comment       0x00000046       0x47 CMakeFiles/MiniFOCer.dir/Core/Src/A1333.c.obj

.debug_frame    0x00000000      0x474
 .debug_frame   0x00000000      0x144 C:/PROGRA~2/ARMGNU~1/142BCE~1.3RE/bin/../lib/gcc/arm-none-eabi/14.3.1/../../../../arm-none-eabi/lib/thumb/v7e-m+fp/hard\libc_nano.a(libc_a-findfp.o)
 .debug_frame   0x00000144       0x20 C:/PROGRA~2/ARMGNU~1/142BCE~1.3RE/bin/../lib/gcc/arm-none-eabi/14.3.1/../../../../arm-none-eabi/lib/thumb/v7e-m+fp/hard\libc_nano.a(libc_a-memset.o)
 .debug_frame   0x00000164       0x38 C:/PROGRA~2/ARMGNU~1/142BCE~1.3RE/bin/../lib/gcc/arm-none-eabi/14.3.1/../../../../arm-none-eabi/lib/thumb/v7e-m+fp/hard\libc_nano.a(libc_a-reent.o)
 .debug_frame   0x0000019c       0x2c C:/PROGRA~2/ARMGNU~1/142BCE~1.3RE/bin/../lib/gcc/arm-none-eabi/14.3.1/../../../../arm-none-eabi/lib/thumb/v7e-m+fp/hard\libc_nano.a(libc_a-init.o)
 .debug_frame   0x000001c8       0xb0 C:/PROGRA~2/ARMGNU~1/142BCE~1.3RE/bin/../lib/gcc/arm-none-eabi/14.3.1/../../../../arm-none-eabi/lib/thumb/v7e-m+fp/hard\libc_nano.a(libc_a-lock.o)
 .debug_frame   0x00000278       0x50 C:/PROGRA~2/ARMGNU~1/142BCE~1.3RE/bin/../lib/gcc/arm-none-eabi/14.3.1/../../../../arm-none-eabi/lib/thumb/v7e-m+fp/hard\libc_nano.a(libc_a-mallocr.o)
 .debug_frame   0x000002c8       0x30 C:/PROGRA~2/ARMGNU~1/142BCE~1.3RE/bin/../lib/gcc/arm-none-eabi/14.3.1/../../../../arm-none-eabi/lib/thumb/v7e-m+fp/hard\libc_nano.a(libc_a-mlock.o)
 .debug_frame   0x000002f8       0x2c C:/PROGRA~2/ARMGNU~1/142BCE~1.3RE/bin/../lib/gcc/arm-none-eabi/14.3.1/../../../../arm-none-eabi/lib/thumb/v7e-m+fp/hard\libc_nano.a(libc_a-sbrkr.o)
 .debug_frame   0x00000324       0x30 C:/PROGRA~2/ARMGNU~1/142BCE~1.3RE/bin/../lib/gcc/arm-none-eabi/14.3.1/thumb/v7e-m+fp/hard\libgcc.a(_arm_muldf3.o)
 .debug_frame   0x00000354       0xac C:/PROGRA~2/ARMGNU~1/142BCE~1.3RE/bin/../lib/gcc/arm-none-eabi/14.3.1/thumb/v7e-m+fp/hard\libgcc.a(_arm_addsubdf3.o)
 .debug_frame   0x00000400       0x24 C:/PROGRA~2/ARMGNU~1/142BCE~1.3RE/bin/../lib/gcc/arm-none-eabi/14.3.1/thumb/v7e-m+fp/hard\libgcc.a(_arm_truncdfsf2.o)
 .debug_frame   0x00000424       0x30 C:/PROGRA~2/ARMGNU~1/142BCE~1.3RE/bin/../lib/gcc/arm-none-eabi/14.3.1/../../../../arm-none-eabi/lib/thumb/v7e-m+fp/hard\libg_nano.a(libc_a-malloc.o)
 .debug_frame   0x00000454       0x20 C:/PROGRA~2/ARMGNU~1/142BCE~1.3RE/bin/../lib/gcc/arm-none-eabi/14.3.1/../../../../arm-none-eabi/lib/thumb/v7e-m+fp/hard\libg_nano.a(libc_a-errno.o)

.debug_line_str
                0x00000000       0xce
 .debug_line_str
                0x00000000       0xce C:/PROGRA~2/ARMGNU~1/142BCE~1.3RE/bin/../lib/gcc/arm-none-eabi/14.3.1/thumb/v7e-m+fp/hard\libgcc.a(_arm_muldf3.o)
 .debug_line_str
                0x000000ce       0xce C:/PROGRA~2/ARMGNU~1/142BCE~1.3RE/bin/../lib/gcc/arm-none-eabi/14.3.1/thumb/v7e-m+fp/hard\libgcc.a(_arm_addsubdf3.o)
 .debug_line_str
                0x000000ce       0xce C:/PROGRA~2/ARMGNU~1/142BCE~1.3RE/bin/../lib/gcc/arm-none-eabi/14.3.1/thumb/v7e-m+fp/hard\libgcc.a(_arm_truncdfsf2.o)
